-- The C compiler identification is GNU 11.4.0
-- The CXX compiler identification is GNU 11.4.0
-- Detecting C compiler ABI info
-- Detecting C compiler ABI info - done
-- Check for working C compiler: /usr/bin/cc - skipped
-- Detecting C compile features
-- Detecting C compile features - done
-- Detecting CXX compiler ABI info
-- Detecting CXX compiler ABI info - done
-- Check for working CXX compiler: /usr/bin/c++ - skipped
-- Detecting CXX compile features
-- Detecting CXX compile features - done
-- Found Boost: /usr/lib/x86_64-linux-gnu/cmake/Boost-1.74.0/BoostConfig.cmake (found version "1.74.0") found components: program_options filesystem 
-- Found ament_cmake: 1.3.13 (/opt/ros/humble/share/ament_cmake/cmake)
-- Found Python3: /home/zmao16/miniconda3/bin/python3 (found version "3.13.9") found components: Interpreter 
-- Found rosidl_default_generators: 1.2.0 (/opt/ros/humble/share/rosidl_default_generators/cmake)
-- Using all available rosidl_typesupport_c: rosidl_typesupport_fastrtps_c;rosidl_typesupport_introspection_c
-- Found rosidl_adapter: 3.1.8 (/opt/ros/humble/share/rosidl_adapter/cmake)
-- Using all available rosidl_typesupport_cpp: rosidl_typesupport_fastrtps_cpp;rosidl_typesupport_introspection_cpp
-- Found geometry_msgs: 4.9.1 (/opt/ros/humble/share/geometry_msgs/cmake)
-- Found ament_cmake_ros: 0.10.0 (/opt/ros/humble/share/ament_cmake_ros/cmake)
-- Using all available rosidl_typesupport_c: rosidl_typesupport_fastrtps_c;rosidl_typesupport_introspection_c
-- Using all available rosidl_typesupport_cpp: rosidl_typesupport_fastrtps_cpp;rosidl_typesupport_introspection_cpp
-- Found PythonInterp: /home/zmao16/miniconda3/bin/python3 (found suitable version "3.13.9", minimum required is "3.6") 
-- Found python_cmake_module: 0.10.0 (/opt/ros/humble/share/python_cmake_module/cmake)
-- Found PythonLibs: /home/zmao16/miniconda3/lib/libpython3.13.so (found suitable version "3.13.9", minimum required is "3.5") 
-- Using PYTHON_EXECUTABLE: /home/zmao16/miniconda3/bin/python3
-- Using PYTHON_INCLUDE_DIRS: /home/zmao16/miniconda3/include/python3.13
-- Using PYTHON_LIBRARIES: /home/zmao16/miniconda3/lib/libpython3.13.so
-- Found PythonExtra: .so  
-- Using numpy include directory: /home/zmao16/miniconda3/lib/python3.13/site-packages/numpy/_core/include
-- Configuring done
-- Generating done
-- Build files have been written to: /home/zmao16/ros_ambf_ws/src/transsphenoidal_simulator/build/volumetric_plugin
[  1%] [34m[1mGenerating C code for ROS interfaces[0m
[  3%] [32mBuilding CXX object CMakeFiles/camera_hmd.dir/plugin/camera_hmd/hmd.cpp.o[0m
[  5%] [34m[1mGenerating C++ code for ROS interfaces[0m
[  5%] Built target ament_cmake_python_copy_volumetric_drilling_msgs
running egg_info
creating volumetric_drilling_msgs.egg-info
writing volumetric_drilling_msgs.egg-info/PKG-INFO
writing dependency_links to volumetric_drilling_msgs.egg-info/dependency_links.txt
writing top-level names to volumetric_drilling_msgs.egg-info/top_level.txt
writing manifest file 'volumetric_drilling_msgs.egg-info/SOURCES.txt'
reading manifest file 'volumetric_drilling_msgs.egg-info/SOURCES.txt'
writing manifest file 'volumetric_drilling_msgs.egg-info/SOURCES.txt'
[  5%] Built target ament_cmake_python_build_volumetric_drilling_msgs_egg
[  5%] Built target volumetric_drilling_msgs__cpp
[  7%] [32mBuilding C object volumetric_drilling_msgs/CMakeFiles/volumetric_drilling_msgs__rosidl_generator_c.dir/rosidl_generator_c/volumetric_drilling_msgs/msg/detail/voxels__functions.c.o[0m
[  8%] [32mBuilding C object volumetric_drilling_msgs/CMakeFiles/volumetric_drilling_msgs__rosidl_generator_c.dir/rosidl_generator_c/volumetric_drilling_msgs/msg/detail/volume_info__functions.c.o[0m
[ 10%] [32mBuilding C object volumetric_drilling_msgs/CMakeFiles/volumetric_drilling_msgs__rosidl_generator_c.dir/rosidl_generator_c/volumetric_drilling_msgs/msg/detail/drill_size__functions.c.o[0m
[ 12%] [32mBuilding C object volumetric_drilling_msgs/CMakeFiles/volumetric_drilling_msgs__rosidl_generator_c.dir/rosidl_generator_c/volumetric_drilling_msgs/msg/detail/index__functions.c.o[0m
[ 14%] [34m[1mGenerating C++ type support dispatch for ROS interfaces[0m
[ 15%] [34m[1mGenerating C++ type support for eProsima Fast-RTPS[0m
[ 17%] [34m[1mGenerating C++ introspection for ROS interfaces[0m
[ 19%] [32m[1mLinking C shared library libvolumetric_drilling_msgs__rosidl_generator_c.so[0m
[ 19%] Built target volumetric_drilling_msgs__rosidl_generator_c
[ 21%] [34m[1mGenerating C type support for eProsima Fast-RTPS[0m
[ 22%] [34m[1mGenerating C type support dispatch for ROS interfaces[0m
[ 24%] [34m[1mGenerating C introspection for ROS interfaces[0m
[ 28%] [32mBuilding CXX object volumetric_drilling_msgs/CMakeFiles/volumetric_drilling_msgs__rosidl_typesupport_cpp.dir/rosidl_typesupport_cpp/volumetric_drilling_msgs/msg/index__type_support.cpp.o[0m
[ 28%] [32mBuilding CXX object volumetric_drilling_msgs/CMakeFiles/volumetric_drilling_msgs__rosidl_typesupport_cpp.dir/rosidl_typesupport_cpp/volumetric_drilling_msgs/msg/voxels__type_support.cpp.o[0m
[ 29%] [32mBuilding CXX object volumetric_drilling_msgs/CMakeFiles/volumetric_drilling_msgs__rosidl_typesupport_cpp.dir/rosidl_typesupport_cpp/volumetric_drilling_msgs/msg/volume_info__type_support.cpp.o[0m
[ 31%] [32mBuilding CXX object volumetric_drilling_msgs/CMakeFiles/volumetric_drilling_msgs__rosidl_typesupport_cpp.dir/rosidl_typesupport_cpp/volumetric_drilling_msgs/msg/drill_size__type_support.cpp.o[0m
[ 33%] [32mBuilding CXX object volumetric_drilling_msgs/CMakeFiles/volumetric_drilling_msgs__rosidl_typesupport_introspection_cpp.dir/rosidl_typesupport_introspection_cpp/volumetric_drilling_msgs/msg/detail/index__type_support.cpp.o[0m
[ 35%] [32mBuilding CXX object volumetric_drilling_msgs/CMakeFiles/volumetric_drilling_msgs__rosidl_typesupport_introspection_cpp.dir/rosidl_typesupport_introspection_cpp/volumetric_drilling_msgs/msg/detail/drill_size__type_support.cpp.o[0m
[ 36%] [32mBuilding CXX object volumetric_drilling_msgs/CMakeFiles/volumetric_drilling_msgs__rosidl_typesupport_introspection_cpp.dir/rosidl_typesupport_introspection_cpp/volumetric_drilling_msgs/msg/detail/volume_info__type_support.cpp.o[0m
[ 38%] [32mBuilding CXX object volumetric_drilling_msgs/CMakeFiles/volumetric_drilling_msgs__rosidl_typesupport_introspection_cpp.dir/rosidl_typesupport_introspection_cpp/volumetric_drilling_msgs/msg/detail/voxels__type_support.cpp.o[0m
[ 40%] [32mBuilding CXX object volumetric_drilling_msgs/CMakeFiles/volumetric_drilling_msgs__rosidl_typesupport_fastrtps_cpp.dir/rosidl_typesupport_fastrtps_cpp/volumetric_drilling_msgs/msg/detail/dds_fastrtps/index__type_support.cpp.o[0m
[ 43%] [32mBuilding CXX object volumetric_drilling_msgs/CMakeFiles/volumetric_drilling_msgs__rosidl_typesupport_fastrtps_cpp.dir/rosidl_typesupport_fastrtps_cpp/volumetric_drilling_msgs/msg/detail/dds_fastrtps/voxels__type_support.cpp.o[0m
[ 43%] [32mBuilding CXX object volumetric_drilling_msgs/CMakeFiles/volumetric_drilling_msgs__rosidl_typesupport_fastrtps_cpp.dir/rosidl_typesupport_fastrtps_cpp/volumetric_drilling_msgs/msg/detail/dds_fastrtps/volume_info__type_support.cpp.o[0m
[ 45%] [32mBuilding CXX object volumetric_drilling_msgs/CMakeFiles/volumetric_drilling_msgs__rosidl_typesupport_fastrtps_cpp.dir/rosidl_typesupport_fastrtps_cpp/volumetric_drilling_msgs/msg/detail/dds_fastrtps/drill_size__type_support.cpp.o[0m
[ 49%] [32mBuilding CXX object volumetric_drilling_msgs/CMakeFiles/volumetric_drilling_msgs__rosidl_typesupport_c.dir/rosidl_typesupport_c/volumetric_drilling_msgs/msg/voxels__type_support.cpp.o[0m
[ 49%] [32mBuilding CXX object volumetric_drilling_msgs/CMakeFiles/volumetric_drilling_msgs__rosidl_typesupport_c.dir/rosidl_typesupport_c/volumetric_drilling_msgs/msg/index__type_support.cpp.o[0m
[ 50%] [32mBuilding CXX object volumetric_drilling_msgs/CMakeFiles/volumetric_drilling_msgs__rosidl_typesupport_c.dir/rosidl_typesupport_c/volumetric_drilling_msgs/msg/drill_size__type_support.cpp.o[0m
[ 52%] [32mBuilding CXX object volumetric_drilling_msgs/CMakeFiles/volumetric_drilling_msgs__rosidl_typesupport_c.dir/rosidl_typesupport_c/volumetric_drilling_msgs/msg/volume_info__type_support.cpp.o[0m
[ 54%] [32mBuilding C object volumetric_drilling_msgs/CMakeFiles/volumetric_drilling_msgs__rosidl_typesupport_introspection_c.dir/rosidl_typesupport_introspection_c/volumetric_drilling_msgs/msg/detail/index__type_support.c.o[0m
[ 57%] [32mBuilding C object volumetric_drilling_msgs/CMakeFiles/volumetric_drilling_msgs__rosidl_typesupport_introspection_c.dir/rosidl_typesupport_introspection_c/volumetric_drilling_msgs/msg/detail/voxels__type_support.c.o[0m
[ 57%] [32mBuilding C object volumetric_drilling_msgs/CMakeFiles/volumetric_drilling_msgs__rosidl_typesupport_introspection_c.dir/rosidl_typesupport_introspection_c/volumetric_drilling_msgs/msg/detail/volume_info__type_support.c.o[0m
[ 59%] [32mBuilding C object volumetric_drilling_msgs/CMakeFiles/volumetric_drilling_msgs__rosidl_typesupport_introspection_c.dir/rosidl_typesupport_introspection_c/volumetric_drilling_msgs/msg/detail/drill_size__type_support.c.o[0m
[ 61%] [32m[1mLinking CXX shared library libvolumetric_drilling_msgs__rosidl_typesupport_c.so[0m
[ 63%] [32mBuilding CXX object volumetric_drilling_msgs/CMakeFiles/volumetric_drilling_msgs__rosidl_typesupport_fastrtps_c.dir/rosidl_typesupport_fastrtps_c/volumetric_drilling_msgs/msg/detail/index__type_support_c.cpp.o[0m
[ 66%] [32mBuilding CXX object volumetric_drilling_msgs/CMakeFiles/volumetric_drilling_msgs__rosidl_typesupport_fastrtps_c.dir/rosidl_typesupport_fastrtps_c/volumetric_drilling_msgs/msg/detail/drill_size__type_support_c.cpp.o[0m
[ 66%] [32mBuilding CXX object volumetric_drilling_msgs/CMakeFiles/volumetric_drilling_msgs__rosidl_typesupport_fastrtps_c.dir/rosidl_typesupport_fastrtps_c/volumetric_drilling_msgs/msg/detail/voxels__type_support_c.cpp.o[0m
[ 68%] [32mBuilding CXX object volumetric_drilling_msgs/CMakeFiles/volumetric_drilling_msgs__rosidl_typesupport_fastrtps_c.dir/rosidl_typesupport_fastrtps_c/volumetric_drilling_msgs/msg/detail/volume_info__type_support_c.cpp.o[0m
[ 70%] [32m[1mLinking C shared library libvolumetric_drilling_msgs__rosidl_typesupport_introspection_c.so[0m
[ 70%] Built target volumetric_drilling_msgs__rosidl_typesupport_c
[ 70%] Built target volumetric_drilling_msgs__rosidl_typesupport_introspection_c
[ 71%] [32m[1mLinking CXX shared library libvolumetric_drilling_msgs__rosidl_typesupport_cpp.so[0m
[ 71%] Built target volumetric_drilling_msgs__rosidl_typesupport_cpp
[ 73%] [32m[1mLinking CXX shared library libvolumetric_drilling_msgs__rosidl_typesupport_introspection_cpp.so[0m
[ 75%] [32m[1mLinking CXX shared library libvolumetric_drilling_msgs__rosidl_typesupport_fastrtps_c.so[0m
[ 77%] [32m[1mLinking CXX shared library libvolumetric_drilling_msgs__rosidl_typesupport_fastrtps_cpp.so[0m
[ 77%] Built target volumetric_drilling_msgs__rosidl_typesupport_introspection_cpp
[ 77%] Built target volumetric_drilling_msgs__rosidl_typesupport_fastrtps_c
[ 77%] Built target volumetric_drilling_msgs__rosidl_typesupport_fastrtps_cpp
[ 77%] Built target volumetric_drilling_msgs
[ 78%] [34m[1mGenerating Python code for ROS interfaces[0m
[ 78%] Built target volumetric_drilling_msgs__py
[ 82%] [32mBuilding C object volumetric_drilling_msgs/CMakeFiles/volumetric_drilling_msgs__rosidl_generator_py.dir/rosidl_generator_py/volumetric_drilling_msgs/msg/_voxels_s.c.o[0m
[ 82%] [32mBuilding C object volumetric_drilling_msgs/CMakeFiles/volumetric_drilling_msgs__rosidl_generator_py.dir/rosidl_generator_py/volumetric_drilling_msgs/msg/_index_s.c.o[0m
[ 84%] [32mBuilding C object volumetric_drilling_msgs/CMakeFiles/volumetric_drilling_msgs__rosidl_generator_py.dir/rosidl_generator_py/volumetric_drilling_msgs/msg/_drill_size_s.c.o[0m
[ 85%] [32mBuilding C object volumetric_drilling_msgs/CMakeFiles/volumetric_drilling_msgs__rosidl_generator_py.dir/rosidl_generator_py/volumetric_drilling_msgs/msg/_volume_info_s.c.o[0m
[ 87%] [32m[1mLinking C shared library rosidl_generator_py/volumetric_drilling_msgs/libvolumetric_drilling_msgs__rosidl_generator_py.so[0m
[ 87%] Built target volumetric_drilling_msgs__rosidl_generator_py
[ 89%] [32mBuilding C object volumetric_drilling_msgs/CMakeFiles/volumetric_drilling_msgs__rosidl_typesupport_c__pyext.dir/rosidl_generator_py/volumetric_drilling_msgs/_volumetric_drilling_msgs_s.ep.rosidl_typesupport_c.c.o[0m
[ 91%] [32mBuilding C object volumetric_drilling_msgs/CMakeFiles/volumetric_drilling_msgs__rosidl_typesupport_introspection_c__pyext.dir/rosidl_generator_py/volumetric_drilling_msgs/_volumetric_drilling_msgs_s.ep.rosidl_typesupport_introspection_c.c.o[0m
[ 92%] [32mBuilding C object volumetric_drilling_msgs/CMakeFiles/volumetric_drilling_msgs__rosidl_typesupport_fastrtps_c__pyext.dir/rosidl_generator_py/volumetric_drilling_msgs/_volumetric_drilling_msgs_s.ep.rosidl_typesupport_fastrtps_c.c.o[0m
[ 94%] [32m[1mLinking C shared library rosidl_generator_py/volumetric_drilling_msgs/volumetric_drilling_msgs_s__rosidl_typesupport_c.cpython-313-x86_64-linux-gnu.so[0m
[ 96%] [32m[1mLinking C shared library rosidl_generator_py/volumetric_drilling_msgs/volumetric_drilling_msgs_s__rosidl_typesupport_introspection_c.cpython-313-x86_64-linux-gnu.so[0m
[ 98%] [32m[1mLinking C shared library rosidl_generator_py/volumetric_drilling_msgs/volumetric_drilling_msgs_s__rosidl_typesupport_fastrtps_c.cpython-313-x86_64-linux-gnu.so[0m
[ 98%] Built target volumetric_drilling_msgs__rosidl_typesupport_c__pyext
[ 98%] Built target volumetric_drilling_msgs__rosidl_typesupport_introspection_c__pyext
[ 98%] Built target volumetric_drilling_msgs__rosidl_typesupport_fastrtps_c__pyext
[100%] [32m[1mLinking CXX shared library libcamera_hmd.so[0m
[100%] Built target camera_hmd
-- Install configuration: ""
-- Installing: /home/zmao16/ros_ambf_ws/src/transsphenoidal_simulator/install/volumetric_plugin/share/ament_index/resource_index/rosidl_interfaces/volumetric_drilling_msgs
-- Installing: /home/zmao16/ros_ambf_ws/src/transsphenoidal_simulator/install/volumetric_plugin/include/volumetric_drilling_msgs/volumetric_drilling_msgs
-- Installing: /home/zmao16/ros_ambf_ws/src/transsphenoidal_simulator/install/volumetric_plugin/include/volumetric_drilling_msgs/volumetric_drilling_msgs/msg
-- Installing: /home/zmao16/ros_ambf_ws/src/transsphenoidal_simulator/install/volumetric_plugin/include/volumetric_drilling_msgs/volumetric_drilling_msgs/msg/drill_size.h
-- Installing: /home/zmao16/ros_ambf_ws/src/transsphenoidal_simulator/install/volumetric_plugin/include/volumetric_drilling_msgs/volumetric_drilling_msgs/msg/detail
-- Installing: /home/zmao16/ros_ambf_ws/src/transsphenoidal_simulator/install/volumetric_plugin/include/volumetric_drilling_msgs/volumetric_drilling_msgs/msg/detail/volume_info__functions.c
-- Installing: /home/zmao16/ros_ambf_ws/src/transsphenoidal_simulator/install/volumetric_plugin/include/volumetric_drilling_msgs/volumetric_drilling_msgs/msg/detail/voxels__type_support.h
-- Installing: /home/zmao16/ros_ambf_ws/src/transsphenoidal_simulator/install/volumetric_plugin/include/volumetric_drilling_msgs/volumetric_drilling_msgs/msg/detail/voxels__functions.h
-- Installing: /home/zmao16/ros_ambf_ws/src/transsphenoidal_simulator/install/volumetric_plugin/include/volumetric_drilling_msgs/volumetric_drilling_msgs/msg/detail/index__functions.c
-- Installing: /home/zmao16/ros_ambf_ws/src/transsphenoidal_simulator/install/volumetric_plugin/include/volumetric_drilling_msgs/volumetric_drilling_msgs/msg/detail/index__functions.h
-- Installing: /home/zmao16/ros_ambf_ws/src/transsphenoidal_simulator/install/volumetric_plugin/include/volumetric_drilling_msgs/volumetric_drilling_msgs/msg/detail/voxels__struct.h
-- Installing: /home/zmao16/ros_ambf_ws/src/transsphenoidal_simulator/install/volumetric_plugin/include/volumetric_drilling_msgs/volumetric_drilling_msgs/msg/detail/drill_size__type_support.h
-- Installing: /home/zmao16/ros_ambf_ws/src/transsphenoidal_simulator/install/volumetric_plugin/include/volumetric_drilling_msgs/volumetric_drilling_msgs/msg/detail/index__struct.h
-- Installing: /home/zmao16/ros_ambf_ws/src/transsphenoidal_simulator/install/volumetric_plugin/include/volumetric_drilling_msgs/volumetric_drilling_msgs/msg/detail/drill_size__functions.c
-- Installing: /home/zmao16/ros_ambf_ws/src/transsphenoidal_simulator/install/volumetric_plugin/include/volumetric_drilling_msgs/volumetric_drilling_msgs/msg/detail/volume_info__struct.h
-- Installing: /home/zmao16/ros_ambf_ws/src/transsphenoidal_simulator/install/volumetric_plugin/include/volumetric_drilling_msgs/volumetric_drilling_msgs/msg/detail/drill_size__functions.h
-- Installing: /home/zmao16/ros_ambf_ws/src/transsphenoidal_simulator/install/volumetric_plugin/include/volumetric_drilling_msgs/volumetric_drilling_msgs/msg/detail/drill_size__struct.h
-- Installing: /home/zmao16/ros_ambf_ws/src/transsphenoidal_simulator/install/volumetric_plugin/include/volumetric_drilling_msgs/volumetric_drilling_msgs/msg/detail/voxels__functions.c
-- Installing: /home/zmao16/ros_ambf_ws/src/transsphenoidal_simulator/install/volumetric_plugin/include/volumetric_drilling_msgs/volumetric_drilling_msgs/msg/detail/index__type_support.h
-- Installing: /home/zmao16/ros_ambf_ws/src/transsphenoidal_simulator/install/volumetric_plugin/include/volumetric_drilling_msgs/volumetric_drilling_msgs/msg/detail/volume_info__type_support.h
-- Installing: /home/zmao16/ros_ambf_ws/src/transsphenoidal_simulator/install/volumetric_plugin/include/volumetric_drilling_msgs/volumetric_drilling_msgs/msg/detail/volume_info__functions.h
-- Installing: /home/zmao16/ros_ambf_ws/src/transsphenoidal_simulator/install/volumetric_plugin/include/volumetric_drilling_msgs/volumetric_drilling_msgs/msg/volume_info.h
-- Installing: /home/zmao16/ros_ambf_ws/src/transsphenoidal_simulator/install/volumetric_plugin/include/volumetric_drilling_msgs/volumetric_drilling_msgs/msg/index.h
-- Installing: /home/zmao16/ros_ambf_ws/src/transsphenoidal_simulator/install/volumetric_plugin/include/volumetric_drilling_msgs/volumetric_drilling_msgs/msg/rosidl_generator_c__visibility_control.h
-- Installing: /home/zmao16/ros_ambf_ws/src/transsphenoidal_simulator/install/volumetric_plugin/include/volumetric_drilling_msgs/volumetric_drilling_msgs/msg/voxels.h
-- Installing: /home/zmao16/ros_ambf_ws/src/transsphenoidal_simulator/install/volumetric_plugin/share/volumetric_drilling_msgs/environment/library_path.sh
-- Installing: /home/zmao16/ros_ambf_ws/src/transsphenoidal_simulator/install/volumetric_plugin/share/volumetric_drilling_msgs/environment/library_path.dsv
-- Installing: /home/zmao16/ros_ambf_ws/src/transsphenoidal_simulator/install/volumetric_plugin/lib/libvolumetric_drilling_msgs__rosidl_generator_c.so
-- Set runtime path of "/home/zmao16/ros_ambf_ws/src/transsphenoidal_simulator/install/volumetric_plugin/lib/libvolumetric_drilling_msgs__rosidl_generator_c.so" to ""
-- Up-to-date: /home/zmao16/ros_ambf_ws/src/transsphenoidal_simulator/install/volumetric_plugin/include/volumetric_drilling_msgs/volumetric_drilling_msgs
-- Up-to-date: /home/zmao16/ros_ambf_ws/src/transsphenoidal_simulator/install/volumetric_plugin/include/volumetric_drilling_msgs/volumetric_drilling_msgs/msg
-- Up-to-date: /home/zmao16/ros_ambf_ws/src/transsphenoidal_simulator/install/volumetric_plugin/include/volumetric_drilling_msgs/volumetric_drilling_msgs/msg/detail
-- Installing: /home/zmao16/ros_ambf_ws/src/transsphenoidal_simulator/install/volumetric_plugin/include/volumetric_drilling_msgs/volumetric_drilling_msgs/msg/detail/drill_size__rosidl_typesupport_fastrtps_c.h
-- Installing: /home/zmao16/ros_ambf_ws/src/transsphenoidal_simulator/install/volumetric_plugin/include/volumetric_drilling_msgs/volumetric_drilling_msgs/msg/detail/volume_info__rosidl_typesupport_fastrtps_c.h
-- Installing: /home/zmao16/ros_ambf_ws/src/transsphenoidal_simulator/install/volumetric_plugin/include/volumetric_drilling_msgs/volumetric_drilling_msgs/msg/detail/voxels__rosidl_typesupport_fastrtps_c.h
-- Installing: /home/zmao16/ros_ambf_ws/src/transsphenoidal_simulator/install/volumetric_plugin/include/volumetric_drilling_msgs/volumetric_drilling_msgs/msg/detail/index__rosidl_typesupport_fastrtps_c.h
-- Installing: /home/zmao16/ros_ambf_ws/src/transsphenoidal_simulator/install/volumetric_plugin/include/volumetric_drilling_msgs/volumetric_drilling_msgs/msg/rosidl_typesupport_fastrtps_c__visibility_control.h
-- Installing: /home/zmao16/ros_ambf_ws/src/transsphenoidal_simulator/install/volumetric_plugin/lib/libvolumetric_drilling_msgs__rosidl_typesupport_fastrtps_c.so
-- Set runtime path of "/home/zmao16/ros_ambf_ws/src/transsphenoidal_simulator/install/volumetric_plugin/lib/libvolumetric_drilling_msgs__rosidl_typesupport_fastrtps_c.so" to ""
-- Up-to-date: /home/zmao16/ros_ambf_ws/src/transsphenoidal_simulator/install/volumetric_plugin/include/volumetric_drilling_msgs/volumetric_drilling_msgs
-- Up-to-date: /home/zmao16/ros_ambf_ws/src/transsphenoidal_simulator/install/volumetric_plugin/include/volumetric_drilling_msgs/volumetric_drilling_msgs/msg
-- Up-to-date: /home/zmao16/ros_ambf_ws/src/transsphenoidal_simulator/install/volumetric_plugin/include/volumetric_drilling_msgs/volumetric_drilling_msgs/msg/detail
-- Installing: /home/zmao16/ros_ambf_ws/src/transsphenoidal_simulator/install/volumetric_plugin/include/volumetric_drilling_msgs/volumetric_drilling_msgs/msg/detail/voxels__type_support.c
-- Installing: /home/zmao16/ros_ambf_ws/src/transsphenoidal_simulator/install/volumetric_plugin/include/volumetric_drilling_msgs/volumetric_drilling_msgs/msg/detail/index__rosidl_typesupport_introspection_c.h
-- Installing: /home/zmao16/ros_ambf_ws/src/transsphenoidal_simulator/install/volumetric_plugin/include/volumetric_drilling_msgs/volumetric_drilling_msgs/msg/detail/drill_size__type_support.c
-- Installing: /home/zmao16/ros_ambf_ws/src/transsphenoidal_simulator/install/volumetric_plugin/include/volumetric_drilling_msgs/volumetric_drilling_msgs/msg/detail/index__type_support.c
-- Installing: /home/zmao16/ros_ambf_ws/src/transsphenoidal_simulator/install/volumetric_plugin/include/volumetric_drilling_msgs/volumetric_drilling_msgs/msg/detail/volume_info__rosidl_typesupport_introspection_c.h
-- Installing: /home/zmao16/ros_ambf_ws/src/transsphenoidal_simulator/install/volumetric_plugin/include/volumetric_drilling_msgs/volumetric_drilling_msgs/msg/detail/drill_size__rosidl_typesupport_introspection_c.h
-- Installing: /home/zmao16/ros_ambf_ws/src/transsphenoidal_simulator/install/volumetric_plugin/include/volumetric_drilling_msgs/volumetric_drilling_msgs/msg/detail/volume_info__type_support.c
-- Installing: /home/zmao16/ros_ambf_ws/src/transsphenoidal_simulator/install/volumetric_plugin/include/volumetric_drilling_msgs/volumetric_drilling_msgs/msg/detail/voxels__rosidl_typesupport_introspection_c.h
-- Installing: /home/zmao16/ros_ambf_ws/src/transsphenoidal_simulator/install/volumetric_plugin/include/volumetric_drilling_msgs/volumetric_drilling_msgs/msg/rosidl_typesupport_introspection_c__visibility_control.h
-- Installing: /home/zmao16/ros_ambf_ws/src/transsphenoidal_simulator/install/volumetric_plugin/lib/libvolumetric_drilling_msgs__rosidl_typesupport_introspection_c.so
-- Set runtime path of "/home/zmao16/ros_ambf_ws/src/transsphenoidal_simulator/install/volumetric_plugin/lib/libvolumetric_drilling_msgs__rosidl_typesupport_introspection_c.so" to ""
-- Installing: /home/zmao16/ros_ambf_ws/src/transsphenoidal_simulator/install/volumetric_plugin/lib/libvolumetric_drilling_msgs__rosidl_typesupport_c.so
-- Set runtime path of "/home/zmao16/ros_ambf_ws/src/transsphenoidal_simulator/install/volumetric_plugin/lib/libvolumetric_drilling_msgs__rosidl_typesupport_c.so" to ""
-- Up-to-date: /home/zmao16/ros_ambf_ws/src/transsphenoidal_simulator/install/volumetric_plugin/include/volumetric_drilling_msgs/volumetric_drilling_msgs
-- Up-to-date: /home/zmao16/ros_ambf_ws/src/transsphenoidal_simulator/install/volumetric_plugin/include/volumetric_drilling_msgs/volumetric_drilling_msgs/msg
-- Installing: /home/zmao16/ros_ambf_ws/src/transsphenoidal_simulator/install/volumetric_plugin/include/volumetric_drilling_msgs/volumetric_drilling_msgs/msg/rosidl_generator_cpp__visibility_control.hpp
-- Up-to-date: /home/zmao16/ros_ambf_ws/src/transsphenoidal_simulator/install/volumetric_plugin/include/volumetric_drilling_msgs/volumetric_drilling_msgs/msg/detail
-- Installing: /home/zmao16/ros_ambf_ws/src/transsphenoidal_simulator/install/volumetric_plugin/include/volumetric_drilling_msgs/volumetric_drilling_msgs/msg/detail/drill_size__traits.hpp
-- Installing: /home/zmao16/ros_ambf_ws/src/transsphenoidal_simulator/install/volumetric_plugin/include/volumetric_drilling_msgs/volumetric_drilling_msgs/msg/detail/volume_info__builder.hpp
-- Installing: /home/zmao16/ros_ambf_ws/src/transsphenoidal_simulator/install/volumetric_plugin/include/volumetric_drilling_msgs/volumetric_drilling_msgs/msg/detail/volume_info__traits.hpp
-- Installing: /home/zmao16/ros_ambf_ws/src/transsphenoidal_simulator/install/volumetric_plugin/include/volumetric_drilling_msgs/volumetric_drilling_msgs/msg/detail/index__type_support.hpp
-- Installing: /home/zmao16/ros_ambf_ws/src/transsphenoidal_simulator/install/volumetric_plugin/include/volumetric_drilling_msgs/volumetric_drilling_msgs/msg/detail/volume_info__type_support.hpp
-- Installing: /home/zmao16/ros_ambf_ws/src/transsphenoidal_simulator/install/volumetric_plugin/include/volumetric_drilling_msgs/volumetric_drilling_msgs/msg/detail/voxels__struct.hpp
-- Installing: /home/zmao16/ros_ambf_ws/src/transsphenoidal_simulator/install/volumetric_plugin/include/volumetric_drilling_msgs/volumetric_drilling_msgs/msg/detail/voxels__type_support.hpp
-- Installing: /home/zmao16/ros_ambf_ws/src/transsphenoidal_simulator/install/volumetric_plugin/include/volumetric_drilling_msgs/volumetric_drilling_msgs/msg/detail/drill_size__struct.hpp
-- Installing: /home/zmao16/ros_ambf_ws/src/transsphenoidal_simulator/install/volumetric_plugin/include/volumetric_drilling_msgs/volumetric_drilling_msgs/msg/detail/drill_size__type_support.hpp
-- Installing: /home/zmao16/ros_ambf_ws/src/transsphenoidal_simulator/install/volumetric_plugin/include/volumetric_drilling_msgs/volumetric_drilling_msgs/msg/detail/index__traits.hpp
-- Installing: /home/zmao16/ros_ambf_ws/src/transsphenoidal_simulator/install/volumetric_plugin/include/volumetric_drilling_msgs/volumetric_drilling_msgs/msg/detail/voxels__traits.hpp
-- Installing: /home/zmao16/ros_ambf_ws/src/transsphenoidal_simulator/install/volumetric_plugin/include/volumetric_drilling_msgs/volumetric_drilling_msgs/msg/detail/volume_info__struct.hpp
-- Installing: /home/zmao16/ros_ambf_ws/src/transsphenoidal_simulator/install/volumetric_plugin/include/volumetric_drilling_msgs/volumetric_drilling_msgs/msg/detail/index__builder.hpp
-- Installing: /home/zmao16/ros_ambf_ws/src/transsphenoidal_simulator/install/volumetric_plugin/include/volumetric_drilling_msgs/volumetric_drilling_msgs/msg/detail/voxels__builder.hpp
-- Installing: /home/zmao16/ros_ambf_ws/src/transsphenoidal_simulator/install/volumetric_plugin/include/volumetric_drilling_msgs/volumetric_drilling_msgs/msg/detail/index__struct.hpp
-- Installing: /home/zmao16/ros_ambf_ws/src/transsphenoidal_simulator/install/volumetric_plugin/include/volumetric_drilling_msgs/volumetric_drilling_msgs/msg/detail/drill_size__builder.hpp
-- Installing: /home/zmao16/ros_ambf_ws/src/transsphenoidal_simulator/install/volumetric_plugin/include/volumetric_drilling_msgs/volumetric_drilling_msgs/msg/volume_info.hpp
-- Installing: /home/zmao16/ros_ambf_ws/src/transsphenoidal_simulator/install/volumetric_plugin/include/volumetric_drilling_msgs/volumetric_drilling_msgs/msg/index.hpp
-- Installing: /home/zmao16/ros_ambf_ws/src/transsphenoidal_simulator/install/volumetric_plugin/include/volumetric_drilling_msgs/volumetric_drilling_msgs/msg/voxels.hpp
-- Installing: /home/zmao16/ros_ambf_ws/src/transsphenoidal_simulator/install/volumetric_plugin/include/volumetric_drilling_msgs/volumetric_drilling_msgs/msg/drill_size.hpp
-- Up-to-date: /home/zmao16/ros_ambf_ws/src/transsphenoidal_simulator/install/volumetric_plugin/include/volumetric_drilling_msgs/volumetric_drilling_msgs
-- Up-to-date: /home/zmao16/ros_ambf_ws/src/transsphenoidal_simulator/install/volumetric_plugin/include/volumetric_drilling_msgs/volumetric_drilling_msgs/msg
-- Installing: /home/zmao16/ros_ambf_ws/src/transsphenoidal_simulator/install/volumetric_plugin/include/volumetric_drilling_msgs/volumetric_drilling_msgs/msg/rosidl_typesupport_fastrtps_cpp__visibility_control.h
-- Up-to-date: /home/zmao16/ros_ambf_ws/src/transsphenoidal_simulator/install/volumetric_plugin/include/volumetric_drilling_msgs/volumetric_drilling_msgs/msg/detail
-- Installing: /home/zmao16/ros_ambf_ws/src/transsphenoidal_simulator/install/volumetric_plugin/include/volumetric_drilling_msgs/volumetric_drilling_msgs/msg/detail/volume_info__rosidl_typesupport_fastrtps_cpp.hpp
-- Installing: /home/zmao16/ros_ambf_ws/src/transsphenoidal_simulator/install/volumetric_plugin/include/volumetric_drilling_msgs/volumetric_drilling_msgs/msg/detail/voxels__rosidl_typesupport_fastrtps_cpp.hpp
-- Installing: /home/zmao16/ros_ambf_ws/src/transsphenoidal_simulator/install/volumetric_plugin/include/volumetric_drilling_msgs/volumetric_drilling_msgs/msg/detail/drill_size__rosidl_typesupport_fastrtps_cpp.hpp
-- Installing: /home/zmao16/ros_ambf_ws/src/transsphenoidal_simulator/install/volumetric_plugin/include/volumetric_drilling_msgs/volumetric_drilling_msgs/msg/detail/dds_fastrtps
-- Installing: /home/zmao16/ros_ambf_ws/src/transsphenoidal_simulator/install/volumetric_plugin/include/volumetric_drilling_msgs/volumetric_drilling_msgs/msg/detail/index__rosidl_typesupport_fastrtps_cpp.hpp
-- Installing: /home/zmao16/ros_ambf_ws/src/transsphenoidal_simulator/install/volumetric_plugin/lib/libvolumetric_drilling_msgs__rosidl_typesupport_fastrtps_cpp.so
-- Set runtime path of "/home/zmao16/ros_ambf_ws/src/transsphenoidal_simulator/install/volumetric_plugin/lib/libvolumetric_drilling_msgs__rosidl_typesupport_fastrtps_cpp.so" to ""
-- Up-to-date: /home/zmao16/ros_ambf_ws/src/transsphenoidal_simulator/install/volumetric_plugin/include/volumetric_drilling_msgs/volumetric_drilling_msgs
-- Up-to-date: /home/zmao16/ros_ambf_ws/src/transsphenoidal_simulator/install/volumetric_plugin/include/volumetric_drilling_msgs/volumetric_drilling_msgs/msg
-- Up-to-date: /home/zmao16/ros_ambf_ws/src/transsphenoidal_simulator/install/volumetric_plugin/include/volumetric_drilling_msgs/volumetric_drilling_msgs/msg/detail
-- Installing: /home/zmao16/ros_ambf_ws/src/transsphenoidal_simulator/install/volumetric_plugin/include/volumetric_drilling_msgs/volumetric_drilling_msgs/msg/detail/voxels__type_support.cpp
-- Installing: /home/zmao16/ros_ambf_ws/src/transsphenoidal_simulator/install/volumetric_plugin/include/volumetric_drilling_msgs/volumetric_drilling_msgs/msg/detail/index__rosidl_typesupport_introspection_cpp.hpp
-- Installing: /home/zmao16/ros_ambf_ws/src/transsphenoidal_simulator/install/volumetric_plugin/include/volumetric_drilling_msgs/volumetric_drilling_msgs/msg/detail/index__type_support.cpp
-- Installing: /home/zmao16/ros_ambf_ws/src/transsphenoidal_simulator/install/volumetric_plugin/include/volumetric_drilling_msgs/volumetric_drilling_msgs/msg/detail/drill_size__rosidl_typesupport_introspection_cpp.hpp
-- Installing: /home/zmao16/ros_ambf_ws/src/transsphenoidal_simulator/install/volumetric_plugin/include/volumetric_drilling_msgs/volumetric_drilling_msgs/msg/detail/voxels__rosidl_typesupport_introspection_cpp.hpp
-- Installing: /home/zmao16/ros_ambf_ws/src/transsphenoidal_simulator/install/volumetric_plugin/include/volumetric_drilling_msgs/volumetric_drilling_msgs/msg/detail/volume_info__rosidl_typesupport_introspection_cpp.hpp
-- Installing: /home/zmao16/ros_ambf_ws/src/transsphenoidal_simulator/install/volumetric_plugin/include/volumetric_drilling_msgs/volumetric_drilling_msgs/msg/detail/volume_info__type_support.cpp
-- Installing: /home/zmao16/ros_ambf_ws/src/transsphenoidal_simulator/install/volumetric_plugin/include/volumetric_drilling_msgs/volumetric_drilling_msgs/msg/detail/drill_size__type_support.cpp
-- Installing: /home/zmao16/ros_ambf_ws/src/transsphenoidal_simulator/install/volumetric_plugin/lib/libvolumetric_drilling_msgs__rosidl_typesupport_introspection_cpp.so
-- Set runtime path of "/home/zmao16/ros_ambf_ws/src/transsphenoidal_simulator/install/volumetric_plugin/lib/libvolumetric_drilling_msgs__rosidl_typesupport_introspection_cpp.so" to ""
-- Installing: /home/zmao16/ros_ambf_ws/src/transsphenoidal_simulator/install/volumetric_plugin/lib/libvolumetric_drilling_msgs__rosidl_typesupport_cpp.so
-- Set runtime path of "/home/zmao16/ros_ambf_ws/src/transsphenoidal_simulator/install/volumetric_plugin/lib/libvolumetric_drilling_msgs__rosidl_typesupport_cpp.so" to ""
-- Installing: /home/zmao16/ros_ambf_ws/src/transsphenoidal_simulator/install/volumetric_plugin/share/volumetric_drilling_msgs/environment/pythonpath.sh
-- Installing: /home/zmao16/ros_ambf_ws/src/transsphenoidal_simulator/install/volumetric_plugin/share/volumetric_drilling_msgs/environment/pythonpath.dsv
-- Installing: /home/zmao16/ros_ambf_ws/src/transsphenoidal_simulator/install/volumetric_plugin/lib/python3.13/site-packages/volumetric_drilling_msgs-0.0.0-py3.13.egg-info
-- Installing: /home/zmao16/ros_ambf_ws/src/transsphenoidal_simulator/install/volumetric_plugin/lib/python3.13/site-packages/volumetric_drilling_msgs-0.0.0-py3.13.egg-info/dependency_links.txt
-- Installing: /home/zmao16/ros_ambf_ws/src/transsphenoidal_simulator/install/volumetric_plugin/lib/python3.13/site-packages/volumetric_drilling_msgs-0.0.0-py3.13.egg-info/top_level.txt
-- Installing: /home/zmao16/ros_ambf_ws/src/transsphenoidal_simulator/install/volumetric_plugin/lib/python3.13/site-packages/volumetric_drilling_msgs-0.0.0-py3.13.egg-info/PKG-INFO
-- Installing: /home/zmao16/ros_ambf_ws/src/transsphenoidal_simulator/install/volumetric_plugin/lib/python3.13/site-packages/volumetric_drilling_msgs-0.0.0-py3.13.egg-info/SOURCES.txt
-- Installing: /home/zmao16/ros_ambf_ws/src/transsphenoidal_simulator/install/volumetric_plugin/lib/python3.13/site-packages/volumetric_drilling_msgs
-- Installing: /home/zmao16/ros_ambf_ws/src/transsphenoidal_simulator/install/volumetric_plugin/lib/python3.13/site-packages/volumetric_drilling_msgs/volumetric_drilling_msgs_s__rosidl_typesupport_c.cpython-313-x86_64-linux-gnu.so
-- Installing: /home/zmao16/ros_ambf_ws/src/transsphenoidal_simulator/install/volumetric_plugin/lib/python3.13/site-packages/volumetric_drilling_msgs/msg
-- Installing: /home/zmao16/ros_ambf_ws/src/transsphenoidal_simulator/install/volumetric_plugin/lib/python3.13/site-packages/volumetric_drilling_msgs/msg/_drill_size_s.c
-- Installing: /home/zmao16/ros_ambf_ws/src/transsphenoidal_simulator/install/volumetric_plugin/lib/python3.13/site-packages/volumetric_drilling_msgs/msg/_voxels_s.c
-- Installing: /home/zmao16/ros_ambf_ws/src/transsphenoidal_simulator/install/volumetric_plugin/lib/python3.13/site-packages/volumetric_drilling_msgs/msg/_voxels.py
-- Installing: /home/zmao16/ros_ambf_ws/src/transsphenoidal_simulator/install/volumetric_plugin/lib/python3.13/site-packages/volumetric_drilling_msgs/msg/_volume_info_s.c
-- Installing: /home/zmao16/ros_ambf_ws/src/transsphenoidal_simulator/install/volumetric_plugin/lib/python3.13/site-packages/volumetric_drilling_msgs/msg/_drill_size.py
-- Installing: /home/zmao16/ros_ambf_ws/src/transsphenoidal_simulator/install/volumetric_plugin/lib/python3.13/site-packages/volumetric_drilling_msgs/msg/_index.py
-- Installing: /home/zmao16/ros_ambf_ws/src/transsphenoidal_simulator/install/volumetric_plugin/lib/python3.13/site-packages/volumetric_drilling_msgs/msg/_index_s.c
-- Installing: /home/zmao16/ros_ambf_ws/src/transsphenoidal_simulator/install/volumetric_plugin/lib/python3.13/site-packages/volumetric_drilling_msgs/msg/_volume_info.py
-- Installing: /home/zmao16/ros_ambf_ws/src/transsphenoidal_simulator/install/volumetric_plugin/lib/python3.13/site-packages/volumetric_drilling_msgs/msg/__init__.py
-- Installing: /home/zmao16/ros_ambf_ws/src/transsphenoidal_simulator/install/volumetric_plugin/lib/python3.13/site-packages/volumetric_drilling_msgs/volumetric_drilling_msgs_s__rosidl_typesupport_introspection_c.cpython-313-x86_64-linux-gnu.so
-- Installing: /home/zmao16/ros_ambf_ws/src/transsphenoidal_simulator/install/volumetric_plugin/lib/python3.13/site-packages/volumetric_drilling_msgs/_volumetric_drilling_msgs_s.ep.rosidl_typesupport_c.c
-- Installing: /home/zmao16/ros_ambf_ws/src/transsphenoidal_simulator/install/volumetric_plugin/lib/python3.13/site-packages/volumetric_drilling_msgs/volumetric_drilling_msgs_s__rosidl_typesupport_fastrtps_c.cpython-313-x86_64-linux-gnu.so
-- Installing: /home/zmao16/ros_ambf_ws/src/transsphenoidal_simulator/install/volumetric_plugin/lib/python3.13/site-packages/volumetric_drilling_msgs/_volumetric_drilling_msgs_s.ep.rosidl_typesupport_introspection_c.c
-- Installing: /home/zmao16/ros_ambf_ws/src/transsphenoidal_simulator/install/volumetric_plugin/lib/python3.13/site-packages/volumetric_drilling_msgs/_volumetric_drilling_msgs_s.ep.rosidl_typesupport_fastrtps_c.c
-- Installing: /home/zmao16/ros_ambf_ws/src/transsphenoidal_simulator/install/volumetric_plugin/lib/python3.13/site-packages/volumetric_drilling_msgs/libvolumetric_drilling_msgs__rosidl_generator_py.so
-- Installing: /home/zmao16/ros_ambf_ws/src/transsphenoidal_simulator/install/volumetric_plugin/lib/python3.13/site-packages/volumetric_drilling_msgs/__init__.py
Listing '/home/zmao16/ros_ambf_ws/src/transsphenoidal_simulator/install/volumetric_plugin/lib/python3.13/site-packages/volumetric_drilling_msgs'...
Compiling '/home/zmao16/ros_ambf_ws/src/transsphenoidal_simulator/install/volumetric_plugin/lib/python3.13/site-packages/volumetric_drilling_msgs/__init__.py'...
Listing '/home/zmao16/ros_ambf_ws/src/transsphenoidal_simulator/install/volumetric_plugin/lib/python3.13/site-packages/volumetric_drilling_msgs/msg'...
Compiling '/home/zmao16/ros_ambf_ws/src/transsphenoidal_simulator/install/volumetric_plugin/lib/python3.13/site-packages/volumetric_drilling_msgs/msg/__init__.py'...
Compiling '/home/zmao16/ros_ambf_ws/src/transsphenoidal_simulator/install/volumetric_plugin/lib/python3.13/site-packages/volumetric_drilling_msgs/msg/_drill_size.py'...
Compiling '/home/zmao16/ros_ambf_ws/src/transsphenoidal_simulator/install/volumetric_plugin/lib/python3.13/site-packages/volumetric_drilling_msgs/msg/_index.py'...
Compiling '/home/zmao16/ros_ambf_ws/src/transsphenoidal_simulator/install/volumetric_plugin/lib/python3.13/site-packages/volumetric_drilling_msgs/msg/_volume_info.py'...
Compiling '/home/zmao16/ros_ambf_ws/src/transsphenoidal_simulator/install/volumetric_plugin/lib/python3.13/site-packages/volumetric_drilling_msgs/msg/_voxels.py'...
-- Installing: /home/zmao16/ros_ambf_ws/src/transsphenoidal_simulator/install/volumetric_plugin/lib/python3.13/site-packages/volumetric_drilling_msgs/volumetric_drilling_msgs_s__rosidl_typesupport_fastrtps_c.cpython-313-x86_64-linux-gnu.so
-- Set runtime path of "/home/zmao16/ros_ambf_ws/src/transsphenoidal_simulator/install/volumetric_plugin/lib/python3.13/site-packages/volumetric_drilling_msgs/volumetric_drilling_msgs_s__rosidl_typesupport_fastrtps_c.cpython-313-x86_64-linux-gnu.so" to ""
-- Installing: /home/zmao16/ros_ambf_ws/src/transsphenoidal_simulator/install/volumetric_plugin/lib/python3.13/site-packages/volumetric_drilling_msgs/volumetric_drilling_msgs_s__rosidl_typesupport_introspection_c.cpython-313-x86_64-linux-gnu.so
-- Set runtime path of "/home/zmao16/ros_ambf_ws/src/transsphenoidal_simulator/install/volumetric_plugin/lib/python3.13/site-packages/volumetric_drilling_msgs/volumetric_drilling_msgs_s__rosidl_typesupport_introspection_c.cpython-313-x86_64-linux-gnu.so" to ""
-- Installing: /home/zmao16/ros_ambf_ws/src/transsphenoidal_simulator/install/volumetric_plugin/lib/python3.13/site-packages/volumetric_drilling_msgs/volumetric_drilling_msgs_s__rosidl_typesupport_c.cpython-313-x86_64-linux-gnu.so
-- Set runtime path of "/home/zmao16/ros_ambf_ws/src/transsphenoidal_simulator/install/volumetric_plugin/lib/python3.13/site-packages/volumetric_drilling_msgs/volumetric_drilling_msgs_s__rosidl_typesupport_c.cpython-313-x86_64-linux-gnu.so" to ""
-- Installing: /home/zmao16/ros_ambf_ws/src/transsphenoidal_simulator/install/volumetric_plugin/lib/libvolumetric_drilling_msgs__rosidl_generator_py.so
-- Set runtime path of "/home/zmao16/ros_ambf_ws/src/transsphenoidal_simulator/install/volumetric_plugin/lib/libvolumetric_drilling_msgs__rosidl_generator_py.so" to ""
-- Installing: /home/zmao16/ros_ambf_ws/src/transsphenoidal_simulator/install/volumetric_plugin/share/volumetric_drilling_msgs/msg/Index.idl
-- Installing: /home/zmao16/ros_ambf_ws/src/transsphenoidal_simulator/install/volumetric_plugin/share/volumetric_drilling_msgs/msg/Voxels.idl
-- Installing: /home/zmao16/ros_ambf_ws/src/transsphenoidal_simulator/install/volumetric_plugin/share/volumetric_drilling_msgs/msg/DrillSize.idl
-- Installing: /home/zmao16/ros_ambf_ws/src/transsphenoidal_simulator/install/volumetric_plugin/share/volumetric_drilling_msgs/msg/VolumeInfo.idl
-- Installing: /home/zmao16/ros_ambf_ws/src/transsphenoidal_simulator/install/volumetric_plugin/share/volumetric_drilling_msgs/msg/Index.msg
-- Installing: /home/zmao16/ros_ambf_ws/src/transsphenoidal_simulator/install/volumetric_plugin/share/volumetric_drilling_msgs/msg/Voxels.msg
-- Installing: /home/zmao16/ros_ambf_ws/src/transsphenoidal_simulator/install/volumetric_plugin/share/volumetric_drilling_msgs/msg/DrillSize.msg
-- Installing: /home/zmao16/ros_ambf_ws/src/transsphenoidal_simulator/install/volumetric_plugin/share/volumetric_drilling_msgs/msg/VolumeInfo.msg
-- Installing: /home/zmao16/ros_ambf_ws/src/transsphenoidal_simulator/install/volumetric_plugin/share/ament_index/resource_index/package_run_dependencies/volumetric_drilling_msgs
-- Installing: /home/zmao16/ros_ambf_ws/src/transsphenoidal_simulator/install/volumetric_plugin/share/ament_index/resource_index/parent_prefix_path/volumetric_drilling_msgs
-- Installing: /home/zmao16/ros_ambf_ws/src/transsphenoidal_simulator/install/volumetric_plugin/share/volumetric_drilling_msgs/environment/ament_prefix_path.sh
-- Installing: /home/zmao16/ros_ambf_ws/src/transsphenoidal_simulator/install/volumetric_plugin/share/volumetric_drilling_msgs/environment/ament_prefix_path.dsv
-- Installing: /home/zmao16/ros_ambf_ws/src/transsphenoidal_simulator/install/volumetric_plugin/share/volumetric_drilling_msgs/environment/path.sh
-- Installing: /home/zmao16/ros_ambf_ws/src/transsphenoidal_simulator/install/volumetric_plugin/share/volumetric_drilling_msgs/environment/path.dsv
-- Installing: /home/zmao16/ros_ambf_ws/src/transsphenoidal_simulator/install/volumetric_plugin/share/volumetric_drilling_msgs/local_setup.bash
-- Installing: /home/zmao16/ros_ambf_ws/src/transsphenoidal_simulator/install/volumetric_plugin/share/volumetric_drilling_msgs/local_setup.sh
-- Installing: /home/zmao16/ros_ambf_ws/src/transsphenoidal_simulator/install/volumetric_plugin/share/volumetric_drilling_msgs/local_setup.zsh
-- Installing: /home/zmao16/ros_ambf_ws/src/transsphenoidal_simulator/install/volumetric_plugin/share/volumetric_drilling_msgs/local_setup.dsv
-- Installing: /home/zmao16/ros_ambf_ws/src/transsphenoidal_simulator/install/volumetric_plugin/share/volumetric_drilling_msgs/package.dsv
-- Installing: /home/zmao16/ros_ambf_ws/src/transsphenoidal_simulator/install/volumetric_plugin/share/ament_index/resource_index/packages/volumetric_drilling_msgs
-- Installing: /home/zmao16/ros_ambf_ws/src/transsphenoidal_simulator/install/volumetric_plugin/share/volumetric_drilling_msgs/cmake/export_volumetric_drilling_msgs__rosidl_generator_cExport.cmake
-- Installing: /home/zmao16/ros_ambf_ws/src/transsphenoidal_simulator/install/volumetric_plugin/share/volumetric_drilling_msgs/cmake/export_volumetric_drilling_msgs__rosidl_generator_cExport-noconfig.cmake
-- Installing: /home/zmao16/ros_ambf_ws/src/transsphenoidal_simulator/install/volumetric_plugin/share/volumetric_drilling_msgs/cmake/export_volumetric_drilling_msgs__rosidl_typesupport_fastrtps_cExport.cmake
-- Installing: /home/zmao16/ros_ambf_ws/src/transsphenoidal_simulator/install/volumetric_plugin/share/volumetric_drilling_msgs/cmake/export_volumetric_drilling_msgs__rosidl_typesupport_fastrtps_cExport-noconfig.cmake
-- Installing: /home/zmao16/ros_ambf_ws/src/transsphenoidal_simulator/install/volumetric_plugin/share/volumetric_drilling_msgs/cmake/volumetric_drilling_msgs__rosidl_typesupport_introspection_cExport.cmake
-- Installing: /home/zmao16/ros_ambf_ws/src/transsphenoidal_simulator/install/volumetric_plugin/share/volumetric_drilling_msgs/cmake/volumetric_drilling_msgs__rosidl_typesupport_introspection_cExport-noconfig.cmake
-- Installing: /home/zmao16/ros_ambf_ws/src/transsphenoidal_simulator/install/volumetric_plugin/share/volumetric_drilling_msgs/cmake/volumetric_drilling_msgs__rosidl_typesupport_cExport.cmake
-- Installing: /home/zmao16/ros_ambf_ws/src/transsphenoidal_simulator/install/volumetric_plugin/share/volumetric_drilling_msgs/cmake/volumetric_drilling_msgs__rosidl_typesupport_cExport-noconfig.cmake
-- Installing: /home/zmao16/ros_ambf_ws/src/transsphenoidal_simulator/install/volumetric_plugin/share/volumetric_drilling_msgs/cmake/export_volumetric_drilling_msgs__rosidl_generator_cppExport.cmake
-- Installing: /home/zmao16/ros_ambf_ws/src/transsphenoidal_simulator/install/volumetric_plugin/share/volumetric_drilling_msgs/cmake/export_volumetric_drilling_msgs__rosidl_typesupport_fastrtps_cppExport.cmake
-- Installing: /home/zmao16/ros_ambf_ws/src/transsphenoidal_simulator/install/volumetric_plugin/share/volumetric_drilling_msgs/cmake/export_volumetric_drilling_msgs__rosidl_typesupport_fastrtps_cppExport-noconfig.cmake
-- Installing: /home/zmao16/ros_ambf_ws/src/transsphenoidal_simulator/install/volumetric_plugin/share/volumetric_drilling_msgs/cmake/volumetric_drilling_msgs__rosidl_typesupport_introspection_cppExport.cmake
-- Installing: /home/zmao16/ros_ambf_ws/src/transsphenoidal_simulator/install/volumetric_plugin/share/volumetric_drilling_msgs/cmake/volumetric_drilling_msgs__rosidl_typesupport_introspection_cppExport-noconfig.cmake
-- Installing: /home/zmao16/ros_ambf_ws/src/transsphenoidal_simulator/install/volumetric_plugin/share/volumetric_drilling_msgs/cmake/volumetric_drilling_msgs__rosidl_typesupport_cppExport.cmake
-- Installing: /home/zmao16/ros_ambf_ws/src/transsphenoidal_simulator/install/volumetric_plugin/share/volumetric_drilling_msgs/cmake/volumetric_drilling_msgs__rosidl_typesupport_cppExport-noconfig.cmake
-- Installing: /home/zmao16/ros_ambf_ws/src/transsphenoidal_simulator/install/volumetric_plugin/share/volumetric_drilling_msgs/cmake/export_volumetric_drilling_msgs__rosidl_generator_pyExport.cmake
-- Installing: /home/zmao16/ros_ambf_ws/src/transsphenoidal_simulator/install/volumetric_plugin/share/volumetric_drilling_msgs/cmake/export_volumetric_drilling_msgs__rosidl_generator_pyExport-noconfig.cmake
-- Installing: /home/zmao16/ros_ambf_ws/src/transsphenoidal_simulator/install/volumetric_plugin/share/volumetric_drilling_msgs/cmake/rosidl_cmake-extras.cmake
-- Installing: /home/zmao16/ros_ambf_ws/src/transsphenoidal_simulator/install/volumetric_plugin/share/volumetric_drilling_msgs/cmake/ament_cmake_export_dependencies-extras.cmake
-- Installing: /home/zmao16/ros_ambf_ws/src/transsphenoidal_simulator/install/volumetric_plugin/share/volumetric_drilling_msgs/cmake/ament_cmake_export_include_directories-extras.cmake
-- Installing: /home/zmao16/ros_ambf_ws/src/transsphenoidal_simulator/install/volumetric_plugin/share/volumetric_drilling_msgs/cmake/ament_cmake_export_libraries-extras.cmake
-- Installing: /home/zmao16/ros_ambf_ws/src/transsphenoidal_simulator/install/volumetric_plugin/share/volumetric_drilling_msgs/cmake/ament_cmake_export_targets-extras.cmake
-- Installing: /home/zmao16/ros_ambf_ws/src/transsphenoidal_simulator/install/volumetric_plugin/share/volumetric_drilling_msgs/cmake/rosidl_cmake_export_typesupport_targets-extras.cmake
-- Installing: /home/zmao16/ros_ambf_ws/src/transsphenoidal_simulator/install/volumetric_plugin/share/volumetric_drilling_msgs/cmake/rosidl_cmake_export_typesupport_libraries-extras.cmake
-- Installing: /home/zmao16/ros_ambf_ws/src/transsphenoidal_simulator/install/volumetric_plugin/share/volumetric_drilling_msgs/cmake/volumetric_drilling_msgsConfig.cmake
-- Installing: /home/zmao16/ros_ambf_ws/src/transsphenoidal_simulator/install/volumetric_plugin/share/volumetric_drilling_msgs/cmake/volumetric_drilling_msgsConfig-version.cmake
-- Installing: /home/zmao16/ros_ambf_ws/src/transsphenoidal_simulator/install/volumetric_plugin/share/volumetric_drilling_msgs/package.xml
