-- The C compiler identification is GNU 11.4.0
-- The CXX compiler identification is GNU 11.4.0
-- Detecting C compiler ABI info
-- Detecting C compiler ABI info - done
-- Check for working C compiler: /usr/bin/cc - skipped
-- Detecting C compile features
-- Detecting C compile features - done
-- Detecting CXX compiler ABI info
-- Detecting CXX compiler ABI info - done
-- Check for working CXX compiler: /usr/bin/c++ - skipped
-- Detecting CXX compile features
-- Detecting CXX compile features - done
-- Found Python3: /home/zmao16/miniconda3/bin/python3 (found version "3.13.9") found components: Interpreter 
-- Found rclcpp: 16.0.18 (/opt/ros/humble/share/rclcpp/cmake)
-- Found rosidl_generator_c: 3.1.8 (/opt/ros/humble/share/rosidl_generator_c/cmake)
-- Found rosidl_adapter: 3.1.8 (/opt/ros/humble/share/rosidl_adapter/cmake)
-- Found rosidl_generator_cpp: 3.1.8 (/opt/ros/humble/share/rosidl_generator_cpp/cmake)
-- Using all available rosidl_typesupport_c: rosidl_typesupport_fastrtps_c;rosidl_typesupport_introspection_c
-- Using all available rosidl_typesupport_cpp: rosidl_typesupport_fastrtps_cpp;rosidl_typesupport_introspection_cpp
-- Found rmw_implementation_cmake: 6.1.2 (/opt/ros/humble/share/rmw_implementation_cmake/cmake)
-- Found rmw_fastrtps_cpp: 6.2.10 (/opt/ros/humble/share/rmw_fastrtps_cpp/cmake)
-- Found OpenSSL: /usr/lib/x86_64-linux-gnu/libcrypto.so (found version "3.0.2")  
-- Found FastRTPS: /opt/ros/humble/include  
-- Using RMW implementation 'rmw_fastrtps_cpp' as default
-- Looking for pthread.h
-- Looking for pthread.h - found
-- Performing Test CMAKE_HAVE_LIBC_PTHREAD
-- Performing Test CMAKE_HAVE_LIBC_PTHREAD - Success
-- Found Threads: TRUE  
-- Found geometry_msgs: 4.9.1 (/opt/ros/humble/share/geometry_msgs/cmake)
-- Found rosidl_default_generators: 1.2.0 (/opt/ros/humble/share/rosidl_default_generators/cmake)
-- Found ament_cmake_ros: 0.10.0 (/opt/ros/humble/share/ament_cmake_ros/cmake)
-- Using all available rosidl_typesupport_c: rosidl_typesupport_fastrtps_c;rosidl_typesupport_introspection_c
-- Using all available rosidl_typesupport_cpp: rosidl_typesupport_fastrtps_cpp;rosidl_typesupport_introspection_cpp
-- Found PythonInterp: /home/zmao16/miniconda3/bin/python3 (found suitable version "3.13.9", minimum required is "3.6") 
-- Found python_cmake_module: 0.10.0 (/opt/ros/humble/share/python_cmake_module/cmake)
-- Found PythonLibs: /home/zmao16/miniconda3/lib/libpython3.13.so (found suitable version "3.13.9", minimum required is "3.5") 
-- Using PYTHON_EXECUTABLE: /home/zmao16/miniconda3/bin/python3
-- Using PYTHON_INCLUDE_DIRS: /home/zmao16/miniconda3/include/python3.13
-- Using PYTHON_LIBRARIES: /home/zmao16/miniconda3/lib/libpython3.13.so
-- Found PythonExtra: .so  
-- Using numpy include directory: /home/zmao16/miniconda3/lib/python3.13/site-packages/numpy/_core/include
-- Configuring done
-- Generating done
-- Build files have been written to: /home/zmao16/ros_ambf_ws/src/transsphenoidal_simulator/build/volumetric_drilling_msgs
[  1%] [34m[1mGenerating C code for ROS interfaces[0m
[  3%] [34m[1mGenerating C++ code for ROS interfaces[0m
[  3%] Built target ament_cmake_python_copy_volumetric_drilling_msgs
running egg_info
creating volumetric_drilling_msgs.egg-info
writing volumetric_drilling_msgs.egg-info/PKG-INFO
writing dependency_links to volumetric_drilling_msgs.egg-info/dependency_links.txt
writing top-level names to volumetric_drilling_msgs.egg-info/top_level.txt
writing manifest file 'volumetric_drilling_msgs.egg-info/SOURCES.txt'
reading manifest file 'volumetric_drilling_msgs.egg-info/SOURCES.txt'
writing manifest file 'volumetric_drilling_msgs.egg-info/SOURCES.txt'
[  3%] Built target ament_cmake_python_build_volumetric_drilling_msgs_egg
[  3%] Built target volumetric_drilling_msgs__cpp
[  5%] [32mBuilding C object CMakeFiles/volumetric_drilling_msgs__rosidl_generator_c.dir/rosidl_generator_c/volumetric_drilling_msgs/msg/detail/index__functions.c.o[0m
[  7%] [32mBuilding C object CMakeFiles/volumetric_drilling_msgs__rosidl_generator_c.dir/rosidl_generator_c/volumetric_drilling_msgs/msg/detail/drill_size__functions.c.o[0m
[  9%] [32mBuilding C object CMakeFiles/volumetric_drilling_msgs__rosidl_generator_c.dir/rosidl_generator_c/volumetric_drilling_msgs/msg/detail/volume_info__functions.c.o[0m
[ 10%] [32mBuilding C object CMakeFiles/volumetric_drilling_msgs__rosidl_generator_c.dir/rosidl_generator_c/volumetric_drilling_msgs/msg/detail/voxels__functions.c.o[0m
[ 14%] [34m[1mGenerating C++ type support dispatch for ROS interfaces[0m
[ 16%] [34m[1mGenerating C++ introspection for ROS interfaces[0m
[ 16%] [34m[1mGenerating C++ type support for eProsima Fast-RTPS[0m
[ 18%] [32m[1mLinking C shared library libvolumetric_drilling_msgs__rosidl_generator_c.so[0m
[ 18%] Built target volumetric_drilling_msgs__rosidl_generator_c
[ 21%] [34m[1mGenerating C type support dispatch for ROS interfaces[0m
[ 21%] [34m[1mGenerating C type support for eProsima Fast-RTPS[0m
[ 23%] [34m[1mGenerating C introspection for ROS interfaces[0m
[ 25%] [32mBuilding CXX object CMakeFiles/volumetric_drilling_msgs__rosidl_typesupport_cpp.dir/rosidl_typesupport_cpp/volumetric_drilling_msgs/msg/index__type_support.cpp.o[0m
[ 27%] [32mBuilding CXX object CMakeFiles/volumetric_drilling_msgs__rosidl_typesupport_cpp.dir/rosidl_typesupport_cpp/volumetric_drilling_msgs/msg/drill_size__type_support.cpp.o[0m
[ 29%] [32mBuilding CXX object CMakeFiles/volumetric_drilling_msgs__rosidl_typesupport_cpp.dir/rosidl_typesupport_cpp/volumetric_drilling_msgs/msg/volume_info__type_support.cpp.o[0m
[ 30%] [32mBuilding CXX object CMakeFiles/volumetric_drilling_msgs__rosidl_typesupport_cpp.dir/rosidl_typesupport_cpp/volumetric_drilling_msgs/msg/voxels__type_support.cpp.o[0m
[ 32%] [32mBuilding CXX object CMakeFiles/volumetric_drilling_msgs__rosidl_typesupport_introspection_cpp.dir/rosidl_typesupport_introspection_cpp/volumetric_drilling_msgs/msg/detail/index__type_support.cpp.o[0m
[ 34%] [32mBuilding CXX object CMakeFiles/volumetric_drilling_msgs__rosidl_typesupport_introspection_cpp.dir/rosidl_typesupport_introspection_cpp/volumetric_drilling_msgs/msg/detail/voxels__type_support.cpp.o[0m
[ 36%] [32mBuilding CXX object CMakeFiles/volumetric_drilling_msgs__rosidl_typesupport_introspection_cpp.dir/rosidl_typesupport_introspection_cpp/volumetric_drilling_msgs/msg/detail/drill_size__type_support.cpp.o[0m
[ 38%] [32mBuilding CXX object CMakeFiles/volumetric_drilling_msgs__rosidl_typesupport_introspection_cpp.dir/rosidl_typesupport_introspection_cpp/volumetric_drilling_msgs/msg/detail/volume_info__type_support.cpp.o[0m
[ 40%] [32mBuilding CXX object CMakeFiles/volumetric_drilling_msgs__rosidl_typesupport_fastrtps_cpp.dir/rosidl_typesupport_fastrtps_cpp/volumetric_drilling_msgs/msg/detail/dds_fastrtps/index__type_support.cpp.o[0m
[ 41%] [32mBuilding CXX object CMakeFiles/volumetric_drilling_msgs__rosidl_typesupport_fastrtps_cpp.dir/rosidl_typesupport_fastrtps_cpp/volumetric_drilling_msgs/msg/detail/dds_fastrtps/voxels__type_support.cpp.o[0m
[ 43%] [32mBuilding CXX object CMakeFiles/volumetric_drilling_msgs__rosidl_typesupport_fastrtps_cpp.dir/rosidl_typesupport_fastrtps_cpp/volumetric_drilling_msgs/msg/detail/dds_fastrtps/drill_size__type_support.cpp.o[0m
[ 45%] [32mBuilding CXX object CMakeFiles/volumetric_drilling_msgs__rosidl_typesupport_fastrtps_cpp.dir/rosidl_typesupport_fastrtps_cpp/volumetric_drilling_msgs/msg/detail/dds_fastrtps/volume_info__type_support.cpp.o[0m
[ 49%] [32mBuilding CXX object CMakeFiles/volumetric_drilling_msgs__rosidl_typesupport_c.dir/rosidl_typesupport_c/volumetric_drilling_msgs/msg/drill_size__type_support.cpp.o[0m
[ 49%] [32mBuilding CXX object CMakeFiles/volumetric_drilling_msgs__rosidl_typesupport_c.dir/rosidl_typesupport_c/volumetric_drilling_msgs/msg/volume_info__type_support.cpp.o[0m
[ 50%] [32mBuilding CXX object CMakeFiles/volumetric_drilling_msgs__rosidl_typesupport_c.dir/rosidl_typesupport_c/volumetric_drilling_msgs/msg/voxels__type_support.cpp.o[0m
[ 52%] [32mBuilding CXX object CMakeFiles/volumetric_drilling_msgs__rosidl_typesupport_c.dir/rosidl_typesupport_c/volumetric_drilling_msgs/msg/index__type_support.cpp.o[0m
[ 54%] [32m[1mLinking CXX shared library libvolumetric_drilling_msgs__rosidl_typesupport_c.so[0m
[ 58%] [32mBuilding C object CMakeFiles/volumetric_drilling_msgs__rosidl_typesupport_introspection_c.dir/rosidl_typesupport_introspection_c/volumetric_drilling_msgs/msg/detail/index__type_support.c.o[0m
[ 58%] [32mBuilding C object CMakeFiles/volumetric_drilling_msgs__rosidl_typesupport_introspection_c.dir/rosidl_typesupport_introspection_c/volumetric_drilling_msgs/msg/detail/voxels__type_support.c.o[0m
[ 60%] [32mBuilding C object CMakeFiles/volumetric_drilling_msgs__rosidl_typesupport_introspection_c.dir/rosidl_typesupport_introspection_c/volumetric_drilling_msgs/msg/detail/volume_info__type_support.c.o[0m
[ 61%] [32mBuilding C object CMakeFiles/volumetric_drilling_msgs__rosidl_typesupport_introspection_c.dir/rosidl_typesupport_introspection_c/volumetric_drilling_msgs/msg/detail/drill_size__type_support.c.o[0m
[ 63%] [32mBuilding CXX object CMakeFiles/volumetric_drilling_msgs__rosidl_typesupport_fastrtps_c.dir/rosidl_typesupport_fastrtps_c/volumetric_drilling_msgs/msg/detail/index__type_support_c.cpp.o[0m
[ 67%] [32mBuilding CXX object CMakeFiles/volumetric_drilling_msgs__rosidl_typesupport_fastrtps_c.dir/rosidl_typesupport_fastrtps_c/volumetric_drilling_msgs/msg/detail/voxels__type_support_c.cpp.o[0m
[ 67%] [32mBuilding CXX object CMakeFiles/volumetric_drilling_msgs__rosidl_typesupport_fastrtps_c.dir/rosidl_typesupport_fastrtps_c/volumetric_drilling_msgs/msg/detail/drill_size__type_support_c.cpp.o[0m
[ 69%] [32mBuilding CXX object CMakeFiles/volumetric_drilling_msgs__rosidl_typesupport_fastrtps_c.dir/rosidl_typesupport_fastrtps_c/volumetric_drilling_msgs/msg/detail/volume_info__type_support_c.cpp.o[0m
[ 69%] Built target volumetric_drilling_msgs__rosidl_typesupport_c
[ 70%] [32m[1mLinking C shared library libvolumetric_drilling_msgs__rosidl_typesupport_introspection_c.so[0m
[ 70%] Built target volumetric_drilling_msgs__rosidl_typesupport_introspection_c
[ 72%] [32m[1mLinking CXX shared library libvolumetric_drilling_msgs__rosidl_typesupport_cpp.so[0m
[ 72%] Built target volumetric_drilling_msgs__rosidl_typesupport_cpp
[ 74%] [32m[1mLinking CXX shared library libvolumetric_drilling_msgs__rosidl_typesupport_fastrtps_c.so[0m
[ 76%] [32m[1mLinking CXX shared library libvolumetric_drilling_msgs__rosidl_typesupport_fastrtps_cpp.so[0m
[ 76%] Built target volumetric_drilling_msgs__rosidl_typesupport_fastrtps_c
[ 76%] Built target volumetric_drilling_msgs__rosidl_typesupport_fastrtps_cpp
