[0.068s] DEBUG:colcon:Command line arguments: ['/usr/bin/colcon', 'build']
[0.068s] DEBUG:colcon:Parsed command line arguments: Namespace(log_base=None, log_level=None, verb_name='build', build_base='build', install_base='install', merge_install=False, symlink_install=False, test_result_base=None, continue_on_error=False, executor='parallel', parallel_workers=48, event_handlers=None, ignore_user_meta=False, metas=['./colcon.meta'], base_paths=['.'], packages_ignore=None, packages_ignore_regex=None, paths=None, packages_up_to=None, packages_up_to_regex=None, packages_above=None, packages_above_and_dependencies=None, packages_above_depth=None, packages_select_by_dep=None, packages_skip_by_dep=None, packages_skip_up_to=None, packages_select_build_failed=False, packages_skip_build_finished=False, packages_select_test_failures=False, packages_skip_test_passed=False, packages_select=None, packages_skip=None, packages_select_regex=None, packages_skip_regex=None, packages_start=None, packages_end=None, allow_overriding=[], cmake_args=None, cmake_target=None, cmake_target_skip_unavailable=False, cmake_clean_cache=False, cmake_clean_first=False, cmake_force_configure=False, ament_cmake_args=None, catkin_cmake_args=None, catkin_skip_building_tests=False, verb_parser=<colcon_defaults.argument_parser.defaults.DefaultArgumentsDecorator object at 0x7f4e51eec640>, verb_extension=<colcon_core.verb.build.BuildVerb object at 0x7f4e51f8a9b0>, main=<bound method BuildVerb.main of <colcon_core.verb.build.BuildVerb object at 0x7f4e51f8a9b0>>)
[0.183s] Level 1:colcon.colcon_core.package_discovery:discover_packages(colcon_meta) check parameters
[0.183s] Level 1:colcon.colcon_core.package_discovery:discover_packages(recursive) check parameters
[0.183s] Level 1:colcon.colcon_core.package_discovery:discover_packages(ignore) check parameters
[0.183s] Level 1:colcon.colcon_core.package_discovery:discover_packages(path) check parameters
[0.183s] Level 1:colcon.colcon_core.package_discovery:discover_packages(colcon_meta) discover
[0.183s] Level 1:colcon.colcon_core.package_discovery:discover_packages(recursive) discover
[0.183s] INFO:colcon.colcon_core.package_discovery:Crawling recursively for packages in '/home/zmao16/ros_ambf_ws/src/transsphenoidal_simulator'
[0.183s] Level 1:colcon.colcon_core.package_identification:_identify(.) by extensions ['ignore', 'ignore_ament_install']
[0.183s] Level 1:colcon.colcon_core.package_identification:_identify(.) by extension 'ignore'
[0.183s] Level 1:colcon.colcon_core.package_identification:_identify(.) by extension 'ignore_ament_install'
[0.183s] Level 1:colcon.colcon_core.package_identification:_identify(.) by extensions ['colcon_pkg']
[0.183s] Level 1:colcon.colcon_core.package_identification:_identify(.) by extension 'colcon_pkg'
[0.183s] Level 1:colcon.colcon_core.package_identification:_identify(.) by extensions ['colcon_meta']
[0.183s] Level 1:colcon.colcon_core.package_identification:_identify(.) by extension 'colcon_meta'
[0.183s] Level 1:colcon.colcon_core.package_identification:_identify(.) by extensions ['ros']
[0.183s] Level 1:colcon.colcon_core.package_identification:_identify(.) by extension 'ros'
[0.190s] Level 1:colcon.colcon_core.package_identification:_identify(.) by extensions ['cmake', 'python']
[0.190s] Level 1:colcon.colcon_core.package_identification:_identify(.) by extension 'cmake'
[0.190s] Level 1:colcon.colcon_core.package_identification:_identify(.) by extension 'python'
[0.190s] Level 1:colcon.colcon_core.package_identification:_identify(.) by extensions ['python_setup_py']
[0.190s] Level 1:colcon.colcon_core.package_identification:_identify(.) by extension 'python_setup_py'
[0.190s] Level 1:colcon.colcon_core.package_identification:_identify(ADF) by extensions ['ignore', 'ignore_ament_install']
[0.190s] Level 1:colcon.colcon_core.package_identification:_identify(ADF) by extension 'ignore'
[0.190s] Level 1:colcon.colcon_core.package_identification:_identify(ADF) by extension 'ignore_ament_install'
[0.190s] Level 1:colcon.colcon_core.package_identification:_identify(ADF) by extensions ['colcon_pkg']
[0.190s] Level 1:colcon.colcon_core.package_identification:_identify(ADF) by extension 'colcon_pkg'
[0.190s] Level 1:colcon.colcon_core.package_identification:_identify(ADF) by extensions ['colcon_meta']
[0.190s] Level 1:colcon.colcon_core.package_identification:_identify(ADF) by extension 'colcon_meta'
[0.191s] Level 1:colcon.colcon_core.package_identification:_identify(ADF) by extensions ['ros']
[0.191s] Level 1:colcon.colcon_core.package_identification:_identify(ADF) by extension 'ros'
[0.191s] Level 1:colcon.colcon_core.package_identification:_identify(ADF) by extensions ['cmake', 'python']
[0.191s] Level 1:colcon.colcon_core.package_identification:_identify(ADF) by extension 'cmake'
[0.191s] Level 1:colcon.colcon_core.package_identification:_identify(ADF) by extension 'python'
[0.191s] Level 1:colcon.colcon_core.package_identification:_identify(ADF) by extensions ['python_setup_py']
[0.191s] Level 1:colcon.colcon_core.package_identification:_identify(ADF) by extension 'python_setup_py'
[0.191s] Level 1:colcon.colcon_core.package_identification:_identify(ADF/input_devices) by extensions ['ignore', 'ignore_ament_install']
[0.191s] Level 1:colcon.colcon_core.package_identification:_identify(ADF/input_devices) by extension 'ignore'
[0.191s] Level 1:colcon.colcon_core.package_identification:_identify(ADF/input_devices) by extension 'ignore_ament_install'
[0.191s] Level 1:colcon.colcon_core.package_identification:_identify(ADF/input_devices) by extensions ['colcon_pkg']
[0.191s] Level 1:colcon.colcon_core.package_identification:_identify(ADF/input_devices) by extension 'colcon_pkg'
[0.191s] Level 1:colcon.colcon_core.package_identification:_identify(ADF/input_devices) by extensions ['colcon_meta']
[0.191s] Level 1:colcon.colcon_core.package_identification:_identify(ADF/input_devices) by extension 'colcon_meta'
[0.191s] Level 1:colcon.colcon_core.package_identification:_identify(ADF/input_devices) by extensions ['ros']
[0.191s] Level 1:colcon.colcon_core.package_identification:_identify(ADF/input_devices) by extension 'ros'
[0.191s] Level 1:colcon.colcon_core.package_identification:_identify(ADF/input_devices) by extensions ['cmake', 'python']
[0.191s] Level 1:colcon.colcon_core.package_identification:_identify(ADF/input_devices) by extension 'cmake'
[0.191s] Level 1:colcon.colcon_core.package_identification:_identify(ADF/input_devices) by extension 'python'
[0.191s] Level 1:colcon.colcon_core.package_identification:_identify(ADF/input_devices) by extensions ['python_setup_py']
[0.191s] Level 1:colcon.colcon_core.package_identification:_identify(ADF/input_devices) by extension 'python_setup_py'
[0.191s] Level 1:colcon.colcon_core.package_identification:_identify(ADF/meshes) by extensions ['ignore', 'ignore_ament_install']
[0.191s] Level 1:colcon.colcon_core.package_identification:_identify(ADF/meshes) by extension 'ignore'
[0.191s] Level 1:colcon.colcon_core.package_identification:_identify(ADF/meshes) by extension 'ignore_ament_install'
[0.191s] Level 1:colcon.colcon_core.package_identification:_identify(ADF/meshes) by extensions ['colcon_pkg']
[0.191s] Level 1:colcon.colcon_core.package_identification:_identify(ADF/meshes) by extension 'colcon_pkg'
[0.191s] Level 1:colcon.colcon_core.package_identification:_identify(ADF/meshes) by extensions ['colcon_meta']
[0.191s] Level 1:colcon.colcon_core.package_identification:_identify(ADF/meshes) by extension 'colcon_meta'
[0.191s] Level 1:colcon.colcon_core.package_identification:_identify(ADF/meshes) by extensions ['ros']
[0.192s] Level 1:colcon.colcon_core.package_identification:_identify(ADF/meshes) by extension 'ros'
[0.192s] Level 1:colcon.colcon_core.package_identification:_identify(ADF/meshes) by extensions ['cmake', 'python']
[0.192s] Level 1:colcon.colcon_core.package_identification:_identify(ADF/meshes) by extension 'cmake'
[0.192s] Level 1:colcon.colcon_core.package_identification:_identify(ADF/meshes) by extension 'python'
[0.192s] Level 1:colcon.colcon_core.package_identification:_identify(ADF/meshes) by extensions ['python_setup_py']
[0.192s] Level 1:colcon.colcon_core.package_identification:_identify(ADF/meshes) by extension 'python_setup_py'
[0.192s] Level 1:colcon.colcon_core.package_identification:_identify(ADF/meshes/high_res) by extensions ['ignore', 'ignore_ament_install']
[0.192s] Level 1:colcon.colcon_core.package_identification:_identify(ADF/meshes/high_res) by extension 'ignore'
[0.192s] Level 1:colcon.colcon_core.package_identification:_identify(ADF/meshes/high_res) by extension 'ignore_ament_install'
[0.192s] Level 1:colcon.colcon_core.package_identification:_identify(ADF/meshes/high_res) by extensions ['colcon_pkg']
[0.192s] Level 1:colcon.colcon_core.package_identification:_identify(ADF/meshes/high_res) by extension 'colcon_pkg'
[0.192s] Level 1:colcon.colcon_core.package_identification:_identify(ADF/meshes/high_res) by extensions ['colcon_meta']
[0.192s] Level 1:colcon.colcon_core.package_identification:_identify(ADF/meshes/high_res) by extension 'colcon_meta'
[0.192s] Level 1:colcon.colcon_core.package_identification:_identify(ADF/meshes/high_res) by extensions ['ros']
[0.192s] Level 1:colcon.colcon_core.package_identification:_identify(ADF/meshes/high_res) by extension 'ros'
[0.192s] Level 1:colcon.colcon_core.package_identification:_identify(ADF/meshes/high_res) by extensions ['cmake', 'python']
[0.192s] Level 1:colcon.colcon_core.package_identification:_identify(ADF/meshes/high_res) by extension 'cmake'
[0.192s] Level 1:colcon.colcon_core.package_identification:_identify(ADF/meshes/high_res) by extension 'python'
[0.192s] Level 1:colcon.colcon_core.package_identification:_identify(ADF/meshes/high_res) by extensions ['python_setup_py']
[0.192s] Level 1:colcon.colcon_core.package_identification:_identify(ADF/meshes/high_res) by extension 'python_setup_py'
[0.192s] Level 1:colcon.colcon_core.package_identification:_identify(ADF/meshes/low_res) by extensions ['ignore', 'ignore_ament_install']
[0.192s] Level 1:colcon.colcon_core.package_identification:_identify(ADF/meshes/low_res) by extension 'ignore'
[0.192s] Level 1:colcon.colcon_core.package_identification:_identify(ADF/meshes/low_res) by extension 'ignore_ament_install'
[0.192s] Level 1:colcon.colcon_core.package_identification:_identify(ADF/meshes/low_res) by extensions ['colcon_pkg']
[0.192s] Level 1:colcon.colcon_core.package_identification:_identify(ADF/meshes/low_res) by extension 'colcon_pkg'
[0.192s] Level 1:colcon.colcon_core.package_identification:_identify(ADF/meshes/low_res) by extensions ['colcon_meta']
[0.192s] Level 1:colcon.colcon_core.package_identification:_identify(ADF/meshes/low_res) by extension 'colcon_meta'
[0.193s] Level 1:colcon.colcon_core.package_identification:_identify(ADF/meshes/low_res) by extensions ['ros']
[0.193s] Level 1:colcon.colcon_core.package_identification:_identify(ADF/meshes/low_res) by extension 'ros'
[0.193s] Level 1:colcon.colcon_core.package_identification:_identify(ADF/meshes/low_res) by extensions ['cmake', 'python']
[0.193s] Level 1:colcon.colcon_core.package_identification:_identify(ADF/meshes/low_res) by extension 'cmake'
[0.193s] Level 1:colcon.colcon_core.package_identification:_identify(ADF/meshes/low_res) by extension 'python'
[0.193s] Level 1:colcon.colcon_core.package_identification:_identify(ADF/meshes/low_res) by extensions ['python_setup_py']
[0.193s] Level 1:colcon.colcon_core.package_identification:_identify(ADF/meshes/low_res) by extension 'python_setup_py'
[0.193s] Level 1:colcon.colcon_core.package_identification:_identify(ADF/shaders) by extensions ['ignore', 'ignore_ament_install']
[0.193s] Level 1:colcon.colcon_core.package_identification:_identify(ADF/shaders) by extension 'ignore'
[0.193s] Level 1:colcon.colcon_core.package_identification:_identify(ADF/shaders) by extension 'ignore_ament_install'
[0.193s] Level 1:colcon.colcon_core.package_identification:_identify(ADF/shaders) by extensions ['colcon_pkg']
[0.193s] Level 1:colcon.colcon_core.package_identification:_identify(ADF/shaders) by extension 'colcon_pkg'
[0.193s] Level 1:colcon.colcon_core.package_identification:_identify(ADF/shaders) by extensions ['colcon_meta']
[0.193s] Level 1:colcon.colcon_core.package_identification:_identify(ADF/shaders) by extension 'colcon_meta'
[0.193s] Level 1:colcon.colcon_core.package_identification:_identify(ADF/shaders) by extensions ['ros']
[0.193s] Level 1:colcon.colcon_core.package_identification:_identify(ADF/shaders) by extension 'ros'
[0.193s] Level 1:colcon.colcon_core.package_identification:_identify(ADF/shaders) by extensions ['cmake', 'python']
[0.193s] Level 1:colcon.colcon_core.package_identification:_identify(ADF/shaders) by extension 'cmake'
[0.193s] Level 1:colcon.colcon_core.package_identification:_identify(ADF/shaders) by extension 'python'
[0.193s] Level 1:colcon.colcon_core.package_identification:_identify(ADF/shaders) by extensions ['python_setup_py']
[0.193s] Level 1:colcon.colcon_core.package_identification:_identify(ADF/shaders) by extension 'python_setup_py'
[0.193s] Level 1:colcon.colcon_core.package_identification:_identify(ADF/shaders/phong) by extensions ['ignore', 'ignore_ament_install']
[0.193s] Level 1:colcon.colcon_core.package_identification:_identify(ADF/shaders/phong) by extension 'ignore'
[0.193s] Level 1:colcon.colcon_core.package_identification:_identify(ADF/shaders/phong) by extension 'ignore_ament_install'
[0.193s] Level 1:colcon.colcon_core.package_identification:_identify(ADF/shaders/phong) by extensions ['colcon_pkg']
[0.193s] Level 1:colcon.colcon_core.package_identification:_identify(ADF/shaders/phong) by extension 'colcon_pkg'
[0.193s] Level 1:colcon.colcon_core.package_identification:_identify(ADF/shaders/phong) by extensions ['colcon_meta']
[0.193s] Level 1:colcon.colcon_core.package_identification:_identify(ADF/shaders/phong) by extension 'colcon_meta'
[0.193s] Level 1:colcon.colcon_core.package_identification:_identify(ADF/shaders/phong) by extensions ['ros']
[0.193s] Level 1:colcon.colcon_core.package_identification:_identify(ADF/shaders/phong) by extension 'ros'
[0.194s] Level 1:colcon.colcon_core.package_identification:_identify(ADF/shaders/phong) by extensions ['cmake', 'python']
[0.194s] Level 1:colcon.colcon_core.package_identification:_identify(ADF/shaders/phong) by extension 'cmake'
[0.194s] Level 1:colcon.colcon_core.package_identification:_identify(ADF/shaders/phong) by extension 'python'
[0.194s] Level 1:colcon.colcon_core.package_identification:_identify(ADF/shaders/phong) by extensions ['python_setup_py']
[0.194s] Level 1:colcon.colcon_core.package_identification:_identify(ADF/shaders/phong) by extension 'python_setup_py'
[0.194s] Level 1:colcon.colcon_core.package_identification:_identify(ADF/shaders/volume) by extensions ['ignore', 'ignore_ament_install']
[0.194s] Level 1:colcon.colcon_core.package_identification:_identify(ADF/shaders/volume) by extension 'ignore'
[0.194s] Level 1:colcon.colcon_core.package_identification:_identify(ADF/shaders/volume) by extension 'ignore_ament_install'
[0.194s] Level 1:colcon.colcon_core.package_identification:_identify(ADF/shaders/volume) by extensions ['colcon_pkg']
[0.194s] Level 1:colcon.colcon_core.package_identification:_identify(ADF/shaders/volume) by extension 'colcon_pkg'
[0.194s] Level 1:colcon.colcon_core.package_identification:_identify(ADF/shaders/volume) by extensions ['colcon_meta']
[0.194s] Level 1:colcon.colcon_core.package_identification:_identify(ADF/shaders/volume) by extension 'colcon_meta'
[0.194s] Level 1:colcon.colcon_core.package_identification:_identify(ADF/shaders/volume) by extensions ['ros']
[0.194s] Level 1:colcon.colcon_core.package_identification:_identify(ADF/shaders/volume) by extension 'ros'
[0.194s] Level 1:colcon.colcon_core.package_identification:_identify(ADF/shaders/volume) by extensions ['cmake', 'python']
[0.194s] Level 1:colcon.colcon_core.package_identification:_identify(ADF/shaders/volume) by extension 'cmake'
[0.194s] Level 1:colcon.colcon_core.package_identification:_identify(ADF/shaders/volume) by extension 'python'
[0.194s] Level 1:colcon.colcon_core.package_identification:_identify(ADF/shaders/volume) by extensions ['python_setup_py']
[0.194s] Level 1:colcon.colcon_core.package_identification:_identify(ADF/shaders/volume) by extension 'python_setup_py'
[0.194s] Level 1:colcon.colcon_core.package_identification:_identify(ADF/world) by extensions ['ignore', 'ignore_ament_install']
[0.194s] Level 1:colcon.colcon_core.package_identification:_identify(ADF/world) by extension 'ignore'
[0.194s] Level 1:colcon.colcon_core.package_identification:_identify(ADF/world) by extension 'ignore_ament_install'
[0.194s] Level 1:colcon.colcon_core.package_identification:_identify(ADF/world) by extensions ['colcon_pkg']
[0.194s] Level 1:colcon.colcon_core.package_identification:_identify(ADF/world) by extension 'colcon_pkg'
[0.194s] Level 1:colcon.colcon_core.package_identification:_identify(ADF/world) by extensions ['colcon_meta']
[0.194s] Level 1:colcon.colcon_core.package_identification:_identify(ADF/world) by extension 'colcon_meta'
[0.194s] Level 1:colcon.colcon_core.package_identification:_identify(ADF/world) by extensions ['ros']
[0.194s] Level 1:colcon.colcon_core.package_identification:_identify(ADF/world) by extension 'ros'
[0.194s] Level 1:colcon.colcon_core.package_identification:_identify(ADF/world) by extensions ['cmake', 'python']
[0.194s] Level 1:colcon.colcon_core.package_identification:_identify(ADF/world) by extension 'cmake'
[0.195s] Level 1:colcon.colcon_core.package_identification:_identify(ADF/world) by extension 'python'
[0.195s] Level 1:colcon.colcon_core.package_identification:_identify(ADF/world) by extensions ['python_setup_py']
[0.195s] Level 1:colcon.colcon_core.package_identification:_identify(ADF/world) by extension 'python_setup_py'
[0.195s] Level 1:colcon.colcon_core.package_identification:_identify(ADF/world/high_res) by extensions ['ignore', 'ignore_ament_install']
[0.195s] Level 1:colcon.colcon_core.package_identification:_identify(ADF/world/high_res) by extension 'ignore'
[0.195s] Level 1:colcon.colcon_core.package_identification:_identify(ADF/world/high_res) by extension 'ignore_ament_install'
[0.195s] Level 1:colcon.colcon_core.package_identification:_identify(ADF/world/high_res) by extensions ['colcon_pkg']
[0.195s] Level 1:colcon.colcon_core.package_identification:_identify(ADF/world/high_res) by extension 'colcon_pkg'
[0.195s] Level 1:colcon.colcon_core.package_identification:_identify(ADF/world/high_res) by extensions ['colcon_meta']
[0.195s] Level 1:colcon.colcon_core.package_identification:_identify(ADF/world/high_res) by extension 'colcon_meta'
[0.195s] Level 1:colcon.colcon_core.package_identification:_identify(ADF/world/high_res) by extensions ['ros']
[0.195s] Level 1:colcon.colcon_core.package_identification:_identify(ADF/world/high_res) by extension 'ros'
[0.195s] Level 1:colcon.colcon_core.package_identification:_identify(ADF/world/high_res) by extensions ['cmake', 'python']
[0.195s] Level 1:colcon.colcon_core.package_identification:_identify(ADF/world/high_res) by extension 'cmake'
[0.195s] Level 1:colcon.colcon_core.package_identification:_identify(ADF/world/high_res) by extension 'python'
[0.195s] Level 1:colcon.colcon_core.package_identification:_identify(ADF/world/high_res) by extensions ['python_setup_py']
[0.195s] Level 1:colcon.colcon_core.package_identification:_identify(ADF/world/high_res) by extension 'python_setup_py'
[0.195s] Level 1:colcon.colcon_core.package_identification:_identify(ADF/world/low_res) by extensions ['ignore', 'ignore_ament_install']
[0.195s] Level 1:colcon.colcon_core.package_identification:_identify(ADF/world/low_res) by extension 'ignore'
[0.195s] Level 1:colcon.colcon_core.package_identification:_identify(ADF/world/low_res) by extension 'ignore_ament_install'
[0.195s] Level 1:colcon.colcon_core.package_identification:_identify(ADF/world/low_res) by extensions ['colcon_pkg']
[0.195s] Level 1:colcon.colcon_core.package_identification:_identify(ADF/world/low_res) by extension 'colcon_pkg'
[0.195s] Level 1:colcon.colcon_core.package_identification:_identify(ADF/world/low_res) by extensions ['colcon_meta']
[0.195s] Level 1:colcon.colcon_core.package_identification:_identify(ADF/world/low_res) by extension 'colcon_meta'
[0.195s] Level 1:colcon.colcon_core.package_identification:_identify(ADF/world/low_res) by extensions ['ros']
[0.195s] Level 1:colcon.colcon_core.package_identification:_identify(ADF/world/low_res) by extension 'ros'
[0.195s] Level 1:colcon.colcon_core.package_identification:_identify(ADF/world/low_res) by extensions ['cmake', 'python']
[0.195s] Level 1:colcon.colcon_core.package_identification:_identify(ADF/world/low_res) by extension 'cmake'
[0.195s] Level 1:colcon.colcon_core.package_identification:_identify(ADF/world/low_res) by extension 'python'
[0.195s] Level 1:colcon.colcon_core.package_identification:_identify(ADF/world/low_res) by extensions ['python_setup_py']
[0.195s] Level 1:colcon.colcon_core.package_identification:_identify(ADF/world/low_res) by extension 'python_setup_py'
[0.196s] Level 1:colcon.colcon_core.package_identification:_identify(Blender) by extensions ['ignore', 'ignore_ament_install']
[0.196s] Level 1:colcon.colcon_core.package_identification:_identify(Blender) by extension 'ignore'
[0.196s] Level 1:colcon.colcon_core.package_identification:_identify(Blender) by extension 'ignore_ament_install'
[0.196s] Level 1:colcon.colcon_core.package_identification:_identify(Blender) by extensions ['colcon_pkg']
[0.196s] Level 1:colcon.colcon_core.package_identification:_identify(Blender) by extension 'colcon_pkg'
[0.196s] Level 1:colcon.colcon_core.package_identification:_identify(Blender) by extensions ['colcon_meta']
[0.196s] Level 1:colcon.colcon_core.package_identification:_identify(Blender) by extension 'colcon_meta'
[0.196s] Level 1:colcon.colcon_core.package_identification:_identify(Blender) by extensions ['ros']
[0.196s] Level 1:colcon.colcon_core.package_identification:_identify(Blender) by extension 'ros'
[0.196s] Level 1:colcon.colcon_core.package_identification:_identify(Blender) by extensions ['cmake', 'python']
[0.196s] Level 1:colcon.colcon_core.package_identification:_identify(Blender) by extension 'cmake'
[0.196s] Level 1:colcon.colcon_core.package_identification:_identify(Blender) by extension 'python'
[0.196s] Level 1:colcon.colcon_core.package_identification:_identify(Blender) by extensions ['python_setup_py']
[0.196s] Level 1:colcon.colcon_core.package_identification:_identify(Blender) by extension 'python_setup_py'
[0.196s] Level 1:colcon.colcon_core.package_identification:_identify(bash) by extensions ['ignore', 'ignore_ament_install']
[0.196s] Level 1:colcon.colcon_core.package_identification:_identify(bash) by extension 'ignore'
[0.196s] Level 1:colcon.colcon_core.package_identification:_identify(bash) by extension 'ignore_ament_install'
[0.196s] Level 1:colcon.colcon_core.package_identification:_identify(bash) by extensions ['colcon_pkg']
[0.196s] Level 1:colcon.colcon_core.package_identification:_identify(bash) by extension 'colcon_pkg'
[0.196s] Level 1:colcon.colcon_core.package_identification:_identify(bash) by extensions ['colcon_meta']
[0.196s] Level 1:colcon.colcon_core.package_identification:_identify(bash) by extension 'colcon_meta'
[0.196s] Level 1:colcon.colcon_core.package_identification:_identify(bash) by extensions ['ros']
[0.196s] Level 1:colcon.colcon_core.package_identification:_identify(bash) by extension 'ros'
[0.196s] Level 1:colcon.colcon_core.package_identification:_identify(bash) by extensions ['cmake', 'python']
[0.196s] Level 1:colcon.colcon_core.package_identification:_identify(bash) by extension 'cmake'
[0.196s] Level 1:colcon.colcon_core.package_identification:_identify(bash) by extension 'python'
[0.196s] Level 1:colcon.colcon_core.package_identification:_identify(bash) by extensions ['python_setup_py']
[0.196s] Level 1:colcon.colcon_core.package_identification:_identify(bash) by extension 'python_setup_py'
[0.196s] Level 1:colcon.colcon_core.package_identification:_identify(build) by extensions ['ignore', 'ignore_ament_install']
[0.197s] Level 1:colcon.colcon_core.package_identification:_identify(build) by extension 'ignore'
[0.197s] Level 1:colcon.colcon_core.package_identification:_identify(build) ignored
[0.197s] Level 1:colcon.colcon_core.package_identification:_identify(install) by extensions ['ignore', 'ignore_ament_install']
[0.197s] Level 1:colcon.colcon_core.package_identification:_identify(install) by extension 'ignore'
[0.197s] Level 1:colcon.colcon_core.package_identification:_identify(install) ignored
[0.197s] Level 1:colcon.colcon_core.package_identification:_identify(log) by extensions ['ignore', 'ignore_ament_install']
[0.197s] Level 1:colcon.colcon_core.package_identification:_identify(log) by extension 'ignore'
[0.197s] Level 1:colcon.colcon_core.package_identification:_identify(log) ignored
[0.197s] Level 1:colcon.colcon_core.package_identification:_identify(media) by extensions ['ignore', 'ignore_ament_install']
[0.197s] Level 1:colcon.colcon_core.package_identification:_identify(media) by extension 'ignore'
[0.197s] Level 1:colcon.colcon_core.package_identification:_identify(media) by extension 'ignore_ament_install'
[0.197s] Level 1:colcon.colcon_core.package_identification:_identify(media) by extensions ['colcon_pkg']
[0.197s] Level 1:colcon.colcon_core.package_identification:_identify(media) by extension 'colcon_pkg'
[0.197s] Level 1:colcon.colcon_core.package_identification:_identify(media) by extensions ['colcon_meta']
[0.197s] Level 1:colcon.colcon_core.package_identification:_identify(media) by extension 'colcon_meta'
[0.197s] Level 1:colcon.colcon_core.package_identification:_identify(media) by extensions ['ros']
[0.197s] Level 1:colcon.colcon_core.package_identification:_identify(media) by extension 'ros'
[0.197s] Level 1:colcon.colcon_core.package_identification:_identify(media) by extensions ['cmake', 'python']
[0.197s] Level 1:colcon.colcon_core.package_identification:_identify(media) by extension 'cmake'
[0.197s] Level 1:colcon.colcon_core.package_identification:_identify(media) by extension 'python'
[0.197s] Level 1:colcon.colcon_core.package_identification:_identify(media) by extensions ['python_setup_py']
[0.197s] Level 1:colcon.colcon_core.package_identification:_identify(media) by extension 'python_setup_py'
[0.197s] Level 1:colcon.colcon_core.package_identification:_identify(plotting) by extensions ['ignore', 'ignore_ament_install']
[0.197s] Level 1:colcon.colcon_core.package_identification:_identify(plotting) by extension 'ignore'
[0.197s] Level 1:colcon.colcon_core.package_identification:_identify(plotting) by extension 'ignore_ament_install'
[0.197s] Level 1:colcon.colcon_core.package_identification:_identify(plotting) by extensions ['colcon_pkg']
[0.198s] Level 1:colcon.colcon_core.package_identification:_identify(plotting) by extension 'colcon_pkg'
[0.198s] Level 1:colcon.colcon_core.package_identification:_identify(plotting) by extensions ['colcon_meta']
[0.198s] Level 1:colcon.colcon_core.package_identification:_identify(plotting) by extension 'colcon_meta'
[0.198s] Level 1:colcon.colcon_core.package_identification:_identify(plotting) by extensions ['ros']
[0.198s] Level 1:colcon.colcon_core.package_identification:_identify(plotting) by extension 'ros'
[0.198s] Level 1:colcon.colcon_core.package_identification:_identify(plotting) by extensions ['cmake', 'python']
[0.198s] Level 1:colcon.colcon_core.package_identification:_identify(plotting) by extension 'cmake'
[0.198s] Level 1:colcon.colcon_core.package_identification:_identify(plotting) by extension 'python'
[0.198s] Level 1:colcon.colcon_core.package_identification:_identify(plotting) by extensions ['python_setup_py']
[0.198s] Level 1:colcon.colcon_core.package_identification:_identify(plotting) by extension 'python_setup_py'
[0.198s] Level 1:colcon.colcon_core.package_identification:_identify(plugin) by extensions ['ignore', 'ignore_ament_install']
[0.198s] Level 1:colcon.colcon_core.package_identification:_identify(plugin) by extension 'ignore'
[0.198s] Level 1:colcon.colcon_core.package_identification:_identify(plugin) by extension 'ignore_ament_install'
[0.198s] Level 1:colcon.colcon_core.package_identification:_identify(plugin) by extensions ['colcon_pkg']
[0.198s] Level 1:colcon.colcon_core.package_identification:_identify(plugin) by extension 'colcon_pkg'
[0.198s] Level 1:colcon.colcon_core.package_identification:_identify(plugin) by extensions ['colcon_meta']
[0.198s] Level 1:colcon.colcon_core.package_identification:_identify(plugin) by extension 'colcon_meta'
[0.198s] Level 1:colcon.colcon_core.package_identification:_identify(plugin) by extensions ['ros']
[0.198s] Level 1:colcon.colcon_core.package_identification:_identify(plugin) by extension 'ros'
[0.203s] DEBUG:colcon.colcon_core.package_identification:Package 'plugin' with type 'ros.ament_cmake' and name 'volumetric_plugin'
[0.203s] Level 1:colcon.colcon_core.package_identification:_identify(plugin_config) by extensions ['ignore', 'ignore_ament_install']
[0.203s] Level 1:colcon.colcon_core.package_identification:_identify(plugin_config) by extension 'ignore'
[0.203s] Level 1:colcon.colcon_core.package_identification:_identify(plugin_config) by extension 'ignore_ament_install'
[0.203s] Level 1:colcon.colcon_core.package_identification:_identify(plugin_config) by extensions ['colcon_pkg']
[0.203s] Level 1:colcon.colcon_core.package_identification:_identify(plugin_config) by extension 'colcon_pkg'
[0.203s] Level 1:colcon.colcon_core.package_identification:_identify(plugin_config) by extensions ['colcon_meta']
[0.203s] Level 1:colcon.colcon_core.package_identification:_identify(plugin_config) by extension 'colcon_meta'
[0.203s] Level 1:colcon.colcon_core.package_identification:_identify(plugin_config) by extensions ['ros']
[0.203s] Level 1:colcon.colcon_core.package_identification:_identify(plugin_config) by extension 'ros'
[0.203s] Level 1:colcon.colcon_core.package_identification:_identify(plugin_config) by extensions ['cmake', 'python']
[0.203s] Level 1:colcon.colcon_core.package_identification:_identify(plugin_config) by extension 'cmake'
[0.203s] Level 1:colcon.colcon_core.package_identification:_identify(plugin_config) by extension 'python'
[0.203s] Level 1:colcon.colcon_core.package_identification:_identify(plugin_config) by extensions ['python_setup_py']
[0.203s] Level 1:colcon.colcon_core.package_identification:_identify(plugin_config) by extension 'python_setup_py'
[0.204s] Level 1:colcon.colcon_core.package_identification:_identify(plugin_config/ambf_camera_distortion_plugin) by extensions ['ignore', 'ignore_ament_install']
[0.204s] Level 1:colcon.colcon_core.package_identification:_identify(plugin_config/ambf_camera_distortion_plugin) by extension 'ignore'
[0.204s] Level 1:colcon.colcon_core.package_identification:_identify(plugin_config/ambf_camera_distortion_plugin) by extension 'ignore_ament_install'
[0.204s] Level 1:colcon.colcon_core.package_identification:_identify(plugin_config/ambf_camera_distortion_plugin) by extensions ['colcon_pkg']
[0.204s] Level 1:colcon.colcon_core.package_identification:_identify(plugin_config/ambf_camera_distortion_plugin) by extension 'colcon_pkg'
[0.204s] Level 1:colcon.colcon_core.package_identification:_identify(plugin_config/ambf_camera_distortion_plugin) by extensions ['colcon_meta']
[0.204s] Level 1:colcon.colcon_core.package_identification:_identify(plugin_config/ambf_camera_distortion_plugin) by extension 'colcon_meta'
[0.204s] Level 1:colcon.colcon_core.package_identification:_identify(plugin_config/ambf_camera_distortion_plugin) by extensions ['ros']
[0.204s] Level 1:colcon.colcon_core.package_identification:_identify(plugin_config/ambf_camera_distortion_plugin) by extension 'ros'
[0.204s] Level 1:colcon.colcon_core.package_identification:_identify(plugin_config/ambf_camera_distortion_plugin) by extensions ['cmake', 'python']
[0.204s] Level 1:colcon.colcon_core.package_identification:_identify(plugin_config/ambf_camera_distortion_plugin) by extension 'cmake'
[0.204s] Level 1:colcon.colcon_core.package_identification:_identify(plugin_config/ambf_camera_distortion_plugin) by extension 'python'
[0.204s] Level 1:colcon.colcon_core.package_identification:_identify(plugin_config/ambf_camera_distortion_plugin) by extensions ['python_setup_py']
[0.204s] Level 1:colcon.colcon_core.package_identification:_identify(plugin_config/ambf_camera_distortion_plugin) by extension 'python_setup_py'
[0.204s] Level 1:colcon.colcon_core.package_identification:_identify(plugin_config/ambf_spacenav_plugin) by extensions ['ignore', 'ignore_ament_install']
[0.204s] Level 1:colcon.colcon_core.package_identification:_identify(plugin_config/ambf_spacenav_plugin) by extension 'ignore'
[0.204s] Level 1:colcon.colcon_core.package_identification:_identify(plugin_config/ambf_spacenav_plugin) by extension 'ignore_ament_install'
[0.204s] Level 1:colcon.colcon_core.package_identification:_identify(plugin_config/ambf_spacenav_plugin) by extensions ['colcon_pkg']
[0.204s] Level 1:colcon.colcon_core.package_identification:_identify(plugin_config/ambf_spacenav_plugin) by extension 'colcon_pkg'
[0.204s] Level 1:colcon.colcon_core.package_identification:_identify(plugin_config/ambf_spacenav_plugin) by extensions ['colcon_meta']
[0.204s] Level 1:colcon.colcon_core.package_identification:_identify(plugin_config/ambf_spacenav_plugin) by extension 'colcon_meta'
[0.204s] Level 1:colcon.colcon_core.package_identification:_identify(plugin_config/ambf_spacenav_plugin) by extensions ['ros']
[0.204s] Level 1:colcon.colcon_core.package_identification:_identify(plugin_config/ambf_spacenav_plugin) by extension 'ros'
[0.204s] Level 1:colcon.colcon_core.package_identification:_identify(plugin_config/ambf_spacenav_plugin) by extensions ['cmake', 'python']
[0.204s] Level 1:colcon.colcon_core.package_identification:_identify(plugin_config/ambf_spacenav_plugin) by extension 'cmake'
[0.204s] Level 1:colcon.colcon_core.package_identification:_identify(plugin_config/ambf_spacenav_plugin) by extension 'python'
[0.204s] Level 1:colcon.colcon_core.package_identification:_identify(plugin_config/ambf_spacenav_plugin) by extensions ['python_setup_py']
[0.204s] Level 1:colcon.colcon_core.package_identification:_identify(plugin_config/ambf_spacenav_plugin) by extension 'python_setup_py'
[0.204s] Level 1:colcon.colcon_core.package_identification:_identify(resources) by extensions ['ignore', 'ignore_ament_install']
[0.205s] Level 1:colcon.colcon_core.package_identification:_identify(resources) by extension 'ignore'
[0.205s] Level 1:colcon.colcon_core.package_identification:_identify(resources) by extension 'ignore_ament_install'
[0.205s] Level 1:colcon.colcon_core.package_identification:_identify(resources) by extensions ['colcon_pkg']
[0.205s] Level 1:colcon.colcon_core.package_identification:_identify(resources) by extension 'colcon_pkg'
[0.205s] Level 1:colcon.colcon_core.package_identification:_identify(resources) by extensions ['colcon_meta']
[0.205s] Level 1:colcon.colcon_core.package_identification:_identify(resources) by extension 'colcon_meta'
[0.205s] Level 1:colcon.colcon_core.package_identification:_identify(resources) by extensions ['ros']
[0.205s] Level 1:colcon.colcon_core.package_identification:_identify(resources) by extension 'ros'
[0.205s] Level 1:colcon.colcon_core.package_identification:_identify(resources) by extensions ['cmake', 'python']
[0.205s] Level 1:colcon.colcon_core.package_identification:_identify(resources) by extension 'cmake'
[0.205s] Level 1:colcon.colcon_core.package_identification:_identify(resources) by extension 'python'
[0.205s] Level 1:colcon.colcon_core.package_identification:_identify(resources) by extensions ['python_setup_py']
[0.205s] Level 1:colcon.colcon_core.package_identification:_identify(resources) by extension 'python_setup_py'
[0.205s] Level 1:colcon.colcon_core.package_identification:_identify(resources/matcap) by extensions ['ignore', 'ignore_ament_install']
[0.205s] Level 1:colcon.colcon_core.package_identification:_identify(resources/matcap) by extension 'ignore'
[0.205s] Level 1:colcon.colcon_core.package_identification:_identify(resources/matcap) by extension 'ignore_ament_install'
[0.205s] Level 1:colcon.colcon_core.package_identification:_identify(resources/matcap) by extensions ['colcon_pkg']
[0.205s] Level 1:colcon.colcon_core.package_identification:_identify(resources/matcap) by extension 'colcon_pkg'
[0.205s] Level 1:colcon.colcon_core.package_identification:_identify(resources/matcap) by extensions ['colcon_meta']
[0.205s] Level 1:colcon.colcon_core.package_identification:_identify(resources/matcap) by extension 'colcon_meta'
[0.205s] Level 1:colcon.colcon_core.package_identification:_identify(resources/matcap) by extensions ['ros']
[0.205s] Level 1:colcon.colcon_core.package_identification:_identify(resources/matcap) by extension 'ros'
[0.205s] Level 1:colcon.colcon_core.package_identification:_identify(resources/matcap) by extensions ['cmake', 'python']
[0.205s] Level 1:colcon.colcon_core.package_identification:_identify(resources/matcap) by extension 'cmake'
[0.205s] Level 1:colcon.colcon_core.package_identification:_identify(resources/matcap) by extension 'python'
[0.205s] Level 1:colcon.colcon_core.package_identification:_identify(resources/matcap) by extensions ['python_setup_py']
[0.205s] Level 1:colcon.colcon_core.package_identification:_identify(resources/matcap) by extension 'python_setup_py'
[0.205s] Level 1:colcon.colcon_core.package_identification:_identify(resources/sounds) by extensions ['ignore', 'ignore_ament_install']
[0.205s] Level 1:colcon.colcon_core.package_identification:_identify(resources/sounds) by extension 'ignore'
[0.205s] Level 1:colcon.colcon_core.package_identification:_identify(resources/sounds) by extension 'ignore_ament_install'
[0.206s] Level 1:colcon.colcon_core.package_identification:_identify(resources/sounds) by extensions ['colcon_pkg']
[0.206s] Level 1:colcon.colcon_core.package_identification:_identify(resources/sounds) by extension 'colcon_pkg'
[0.206s] Level 1:colcon.colcon_core.package_identification:_identify(resources/sounds) by extensions ['colcon_meta']
[0.206s] Level 1:colcon.colcon_core.package_identification:_identify(resources/sounds) by extension 'colcon_meta'
[0.206s] Level 1:colcon.colcon_core.package_identification:_identify(resources/sounds) by extensions ['ros']
[0.206s] Level 1:colcon.colcon_core.package_identification:_identify(resources/sounds) by extension 'ros'
[0.206s] Level 1:colcon.colcon_core.package_identification:_identify(resources/sounds) by extensions ['cmake', 'python']
[0.206s] Level 1:colcon.colcon_core.package_identification:_identify(resources/sounds) by extension 'cmake'
[0.206s] Level 1:colcon.colcon_core.package_identification:_identify(resources/sounds) by extension 'python'
[0.206s] Level 1:colcon.colcon_core.package_identification:_identify(resources/sounds) by extensions ['python_setup_py']
[0.206s] Level 1:colcon.colcon_core.package_identification:_identify(resources/sounds) by extension 'python_setup_py'
[0.206s] Level 1:colcon.colcon_core.package_identification:_identify(resources/volume) by extensions ['ignore', 'ignore_ament_install']
[0.206s] Level 1:colcon.colcon_core.package_identification:_identify(resources/volume) by extension 'ignore'
[0.206s] Level 1:colcon.colcon_core.package_identification:_identify(resources/volume) by extension 'ignore_ament_install'
[0.206s] Level 1:colcon.colcon_core.package_identification:_identify(resources/volume) by extensions ['colcon_pkg']
[0.206s] Level 1:colcon.colcon_core.package_identification:_identify(resources/volume) by extension 'colcon_pkg'
[0.206s] Level 1:colcon.colcon_core.package_identification:_identify(resources/volume) by extensions ['colcon_meta']
[0.206s] Level 1:colcon.colcon_core.package_identification:_identify(resources/volume) by extension 'colcon_meta'
[0.206s] Level 1:colcon.colcon_core.package_identification:_identify(resources/volume) by extensions ['ros']
[0.206s] Level 1:colcon.colcon_core.package_identification:_identify(resources/volume) by extension 'ros'
[0.206s] Level 1:colcon.colcon_core.package_identification:_identify(resources/volume) by extensions ['cmake', 'python']
[0.206s] Level 1:colcon.colcon_core.package_identification:_identify(resources/volume) by extension 'cmake'
[0.206s] Level 1:colcon.colcon_core.package_identification:_identify(resources/volume) by extension 'python'
[0.206s] Level 1:colcon.colcon_core.package_identification:_identify(resources/volume) by extensions ['python_setup_py']
[0.206s] Level 1:colcon.colcon_core.package_identification:_identify(resources/volume) by extension 'python_setup_py'
[0.207s] Level 1:colcon.colcon_core.package_identification:_identify(resources/volume/slices) by extensions ['ignore', 'ignore_ament_install']
[0.207s] Level 1:colcon.colcon_core.package_identification:_identify(resources/volume/slices) by extension 'ignore'
[0.207s] Level 1:colcon.colcon_core.package_identification:_identify(resources/volume/slices) by extension 'ignore_ament_install'
[0.207s] Level 1:colcon.colcon_core.package_identification:_identify(resources/volume/slices) by extensions ['colcon_pkg']
[0.207s] Level 1:colcon.colcon_core.package_identification:_identify(resources/volume/slices) by extension 'colcon_pkg'
[0.207s] Level 1:colcon.colcon_core.package_identification:_identify(resources/volume/slices) by extensions ['colcon_meta']
[0.207s] Level 1:colcon.colcon_core.package_identification:_identify(resources/volume/slices) by extension 'colcon_meta'
[0.207s] Level 1:colcon.colcon_core.package_identification:_identify(resources/volume/slices) by extensions ['ros']
[0.207s] Level 1:colcon.colcon_core.package_identification:_identify(resources/volume/slices) by extension 'ros'
[0.207s] Level 1:colcon.colcon_core.package_identification:_identify(resources/volume/slices) by extensions ['cmake', 'python']
[0.207s] Level 1:colcon.colcon_core.package_identification:_identify(resources/volume/slices) by extension 'cmake'
[0.207s] Level 1:colcon.colcon_core.package_identification:_identify(resources/volume/slices) by extension 'python'
[0.207s] Level 1:colcon.colcon_core.package_identification:_identify(resources/volume/slices) by extensions ['python_setup_py']
[0.207s] Level 1:colcon.colcon_core.package_identification:_identify(resources/volume/slices) by extension 'python_setup_py'
[0.207s] Level 1:colcon.colcon_core.package_identification:_identify(rviz_config) by extensions ['ignore', 'ignore_ament_install']
[0.207s] Level 1:colcon.colcon_core.package_identification:_identify(rviz_config) by extension 'ignore'
[0.207s] Level 1:colcon.colcon_core.package_identification:_identify(rviz_config) by extension 'ignore_ament_install'
[0.207s] Level 1:colcon.colcon_core.package_identification:_identify(rviz_config) by extensions ['colcon_pkg']
[0.207s] Level 1:colcon.colcon_core.package_identification:_identify(rviz_config) by extension 'colcon_pkg'
[0.207s] Level 1:colcon.colcon_core.package_identification:_identify(rviz_config) by extensions ['colcon_meta']
[0.207s] Level 1:colcon.colcon_core.package_identification:_identify(rviz_config) by extension 'colcon_meta'
[0.207s] Level 1:colcon.colcon_core.package_identification:_identify(rviz_config) by extensions ['ros']
[0.207s] Level 1:colcon.colcon_core.package_identification:_identify(rviz_config) by extension 'ros'
[0.207s] Level 1:colcon.colcon_core.package_identification:_identify(rviz_config) by extensions ['cmake', 'python']
[0.207s] Level 1:colcon.colcon_core.package_identification:_identify(rviz_config) by extension 'cmake'
[0.207s] Level 1:colcon.colcon_core.package_identification:_identify(rviz_config) by extension 'python'
[0.208s] Level 1:colcon.colcon_core.package_identification:_identify(rviz_config) by extensions ['python_setup_py']
[0.208s] Level 1:colcon.colcon_core.package_identification:_identify(rviz_config) by extension 'python_setup_py'
[0.208s] Level 1:colcon.colcon_core.package_identification:_identify(volumetric_drilling_msgs) by extensions ['ignore', 'ignore_ament_install']
[0.208s] Level 1:colcon.colcon_core.package_identification:_identify(volumetric_drilling_msgs) by extension 'ignore'
[0.208s] Level 1:colcon.colcon_core.package_identification:_identify(volumetric_drilling_msgs) by extension 'ignore_ament_install'
[0.208s] Level 1:colcon.colcon_core.package_identification:_identify(volumetric_drilling_msgs) by extensions ['colcon_pkg']
[0.208s] Level 1:colcon.colcon_core.package_identification:_identify(volumetric_drilling_msgs) by extension 'colcon_pkg'
[0.208s] Level 1:colcon.colcon_core.package_identification:_identify(volumetric_drilling_msgs) by extensions ['colcon_meta']
[0.208s] Level 1:colcon.colcon_core.package_identification:_identify(volumetric_drilling_msgs) by extension 'colcon_meta'
[0.208s] Level 1:colcon.colcon_core.package_identification:_identify(volumetric_drilling_msgs) by extensions ['ros']
[0.208s] Level 1:colcon.colcon_core.package_identification:_identify(volumetric_drilling_msgs) by extension 'ros'
[0.216s] DEBUG:colcon.colcon_core.package_identification:Package 'volumetric_drilling_msgs' with type 'ros.ament_cmake' and name 'volumetric_drilling_msgs'
[0.216s] Level 1:colcon.colcon_core.package_discovery:discover_packages(recursive) using defaults
[0.216s] Level 1:colcon.colcon_core.package_discovery:discover_packages(ignore) discover
[0.216s] Level 1:colcon.colcon_core.package_discovery:discover_packages(ignore) using defaults
[0.216s] Level 1:colcon.colcon_core.package_discovery:discover_packages(path) discover
[0.216s] Level 1:colcon.colcon_core.package_discovery:discover_packages(path) using defaults
[0.229s] Level 1:colcon.colcon_core.package_discovery:discover_packages(prefix_path) check parameters
[0.229s] Level 1:colcon.colcon_core.package_discovery:discover_packages(prefix_path) discover
[0.230s] DEBUG:colcon.colcon_installed_package_information.package_discovery:Found 7 installed packages in /home/zmao16/ros_ambf_ws/install
[0.231s] DEBUG:colcon.colcon_installed_package_information.package_discovery:Found 312 installed packages in /opt/ros/humble
[0.232s] Level 1:colcon.colcon_core.package_discovery:discover_packages(prefix_path) using defaults
[0.258s] Level 5:colcon.colcon_core.verb:set package 'volumetric_drilling_msgs' build argument 'cmake_args' from command line to 'None'
[0.258s] Level 5:colcon.colcon_core.verb:set package 'volumetric_drilling_msgs' build argument 'cmake_target' from command line to 'None'
[0.258s] Level 5:colcon.colcon_core.verb:set package 'volumetric_drilling_msgs' build argument 'cmake_target_skip_unavailable' from command line to 'False'
[0.258s] Level 5:colcon.colcon_core.verb:set package 'volumetric_drilling_msgs' build argument 'cmake_clean_cache' from command line to 'False'
[0.258s] Level 5:colcon.colcon_core.verb:set package 'volumetric_drilling_msgs' build argument 'cmake_clean_first' from command line to 'False'
[0.258s] Level 5:colcon.colcon_core.verb:set package 'volumetric_drilling_msgs' build argument 'cmake_force_configure' from command line to 'False'
[0.258s] Level 5:colcon.colcon_core.verb:set package 'volumetric_drilling_msgs' build argument 'ament_cmake_args' from command line to 'None'
[0.258s] Level 5:colcon.colcon_core.verb:set package 'volumetric_drilling_msgs' build argument 'catkin_cmake_args' from command line to 'None'
[0.258s] Level 5:colcon.colcon_core.verb:set package 'volumetric_drilling_msgs' build argument 'catkin_skip_building_tests' from command line to 'False'
[0.258s] DEBUG:colcon.colcon_core.verb:Building package 'volumetric_drilling_msgs' with the following arguments: {'ament_cmake_args': None, 'build_base': '/home/zmao16/ros_ambf_ws/src/transsphenoidal_simulator/build/volumetric_drilling_msgs', 'catkin_cmake_args': None, 'catkin_skip_building_tests': False, 'cmake_args': None, 'cmake_clean_cache': False, 'cmake_clean_first': False, 'cmake_force_configure': False, 'cmake_target': None, 'cmake_target_skip_unavailable': False, 'install_base': '/home/zmao16/ros_ambf_ws/src/transsphenoidal_simulator/install/volumetric_drilling_msgs', 'merge_install': False, 'path': '/home/zmao16/ros_ambf_ws/src/transsphenoidal_simulator/volumetric_drilling_msgs', 'symlink_install': False, 'test_result_base': None}
[0.258s] Level 5:colcon.colcon_core.verb:set package 'volumetric_plugin' build argument 'cmake_args' from command line to 'None'
[0.258s] Level 5:colcon.colcon_core.verb:set package 'volumetric_plugin' build argument 'cmake_target' from command line to 'None'
[0.258s] Level 5:colcon.colcon_core.verb:set package 'volumetric_plugin' build argument 'cmake_target_skip_unavailable' from command line to 'False'
[0.258s] Level 5:colcon.colcon_core.verb:set package 'volumetric_plugin' build argument 'cmake_clean_cache' from command line to 'False'
[0.258s] Level 5:colcon.colcon_core.verb:set package 'volumetric_plugin' build argument 'cmake_clean_first' from command line to 'False'
[0.258s] Level 5:colcon.colcon_core.verb:set package 'volumetric_plugin' build argument 'cmake_force_configure' from command line to 'False'
[0.258s] Level 5:colcon.colcon_core.verb:set package 'volumetric_plugin' build argument 'ament_cmake_args' from command line to 'None'
[0.258s] Level 5:colcon.colcon_core.verb:set package 'volumetric_plugin' build argument 'catkin_cmake_args' from command line to 'None'
[0.258s] Level 5:colcon.colcon_core.verb:set package 'volumetric_plugin' build argument 'catkin_skip_building_tests' from command line to 'False'
[0.259s] DEBUG:colcon.colcon_core.verb:Building package 'volumetric_plugin' with the following arguments: {'ament_cmake_args': None, 'build_base': '/home/zmao16/ros_ambf_ws/src/transsphenoidal_simulator/build/volumetric_plugin', 'catkin_cmake_args': None, 'catkin_skip_building_tests': False, 'cmake_args': None, 'cmake_clean_cache': False, 'cmake_clean_first': False, 'cmake_force_configure': False, 'cmake_target': None, 'cmake_target_skip_unavailable': False, 'install_base': '/home/zmao16/ros_ambf_ws/src/transsphenoidal_simulator/install/volumetric_plugin', 'merge_install': False, 'path': '/home/zmao16/ros_ambf_ws/src/transsphenoidal_simulator/plugin', 'symlink_install': False, 'test_result_base': None}
[0.259s] INFO:colcon.colcon_core.executor:Executing jobs using 'parallel' executor
[0.259s] DEBUG:colcon.colcon_parallel_executor.executor.parallel:run_until_complete
[0.260s] INFO:colcon.colcon_ros.task.ament_cmake.build:Building ROS package in '/home/zmao16/ros_ambf_ws/src/transsphenoidal_simulator/volumetric_drilling_msgs' with build type 'ament_cmake'
[0.260s] INFO:colcon.colcon_cmake.task.cmake.build:Building CMake package in '/home/zmao16/ros_ambf_ws/src/transsphenoidal_simulator/volumetric_drilling_msgs'
[0.261s] INFO:colcon.colcon_core.plugin_system:Skipping extension 'colcon_core.shell.bat': Not used on non-Windows systems
[0.261s] INFO:colcon.colcon_core.shell:Skip shell extension 'powershell' for command environment: Not usable outside of PowerShell
[0.261s] DEBUG:colcon.colcon_core.shell:Skip shell extension 'dsv' for command environment
[0.269s] DEBUG:colcon.colcon_core.event_handler.log_command:Invoking command in '/home/zmao16/ros_ambf_ws/src/transsphenoidal_simulator/build/volumetric_drilling_msgs': CMAKE_PREFIX_PATH=${CMAKE_PREFIX_PATH}:/opt/ros/humble CONDA_PROMPT_MODIFIER=(base) /usr/bin/cmake /home/zmao16/ros_ambf_ws/src/transsphenoidal_simulator/volumetric_drilling_msgs -DCMAKE_INSTALL_PREFIX=/home/zmao16/ros_ambf_ws/src/transsphenoidal_simulator/install/volumetric_drilling_msgs
[2.117s] DEBUG:colcon.colcon_core.event_handler.log_command:Invoked command in '/home/zmao16/ros_ambf_ws/src/transsphenoidal_simulator/build/volumetric_drilling_msgs' returned '0': CMAKE_PREFIX_PATH=${CMAKE_PREFIX_PATH}:/opt/ros/humble CONDA_PROMPT_MODIFIER=(base) /usr/bin/cmake /home/zmao16/ros_ambf_ws/src/transsphenoidal_simulator/volumetric_drilling_msgs -DCMAKE_INSTALL_PREFIX=/home/zmao16/ros_ambf_ws/src/transsphenoidal_simulator/install/volumetric_drilling_msgs
[2.118s] DEBUG:colcon.colcon_core.event_handler.log_command:Invoking command in '/home/zmao16/ros_ambf_ws/src/transsphenoidal_simulator/build/volumetric_drilling_msgs': CMAKE_PREFIX_PATH=${CMAKE_PREFIX_PATH}:/opt/ros/humble CONDA_PROMPT_MODIFIER=(base) /usr/bin/cmake --build /home/zmao16/ros_ambf_ws/src/transsphenoidal_simulator/build/volumetric_drilling_msgs -- -j48 -l48
[2.948s] DEBUG:colcon.colcon_core.event_handler.log_command:Invoked command in '/home/zmao16/ros_ambf_ws/src/transsphenoidal_simulator/build/volumetric_drilling_msgs' returned '2': CMAKE_PREFIX_PATH=${CMAKE_PREFIX_PATH}:/opt/ros/humble CONDA_PROMPT_MODIFIER=(base) /usr/bin/cmake --build /home/zmao16/ros_ambf_ws/src/transsphenoidal_simulator/build/volumetric_drilling_msgs -- -j48 -l48
[2.948s] Level 1:colcon.colcon_core.environment:create_environment_scripts_only(volumetric_drilling_msgs)
[2.950s] Level 1:colcon.colcon_core.environment:checking '/home/zmao16/ros_ambf_ws/src/transsphenoidal_simulator/install/volumetric_drilling_msgs' for CMake module files
[2.951s] Level 1:colcon.colcon_core.environment:checking '/home/zmao16/ros_ambf_ws/src/transsphenoidal_simulator/install/volumetric_drilling_msgs' for CMake config files
[2.951s] Level 1:colcon.colcon_core.environment:checking '/home/zmao16/ros_ambf_ws/src/transsphenoidal_simulator/install/volumetric_drilling_msgs/bin'
[2.951s] Level 1:colcon.colcon_core.environment:checking '/home/zmao16/ros_ambf_ws/src/transsphenoidal_simulator/install/volumetric_drilling_msgs/lib/pkgconfig/volumetric_drilling_msgs.pc'
[2.952s] Level 1:colcon.colcon_core.environment:checking '/home/zmao16/ros_ambf_ws/src/transsphenoidal_simulator/install/volumetric_drilling_msgs/lib/python3.10/site-packages'
[2.952s] Level 1:colcon.colcon_core.environment:checking '/home/zmao16/ros_ambf_ws/src/transsphenoidal_simulator/install/volumetric_drilling_msgs/bin'
[2.953s] INFO:colcon.colcon_core.shell:Creating package script '/home/zmao16/ros_ambf_ws/src/transsphenoidal_simulator/install/volumetric_drilling_msgs/share/volumetric_drilling_msgs/package.ps1'
[2.953s] INFO:colcon.colcon_core.shell:Creating package descriptor '/home/zmao16/ros_ambf_ws/src/transsphenoidal_simulator/install/volumetric_drilling_msgs/share/volumetric_drilling_msgs/package.dsv'
[2.954s] INFO:colcon.colcon_core.shell:Creating package script '/home/zmao16/ros_ambf_ws/src/transsphenoidal_simulator/install/volumetric_drilling_msgs/share/volumetric_drilling_msgs/package.sh'
[2.955s] INFO:colcon.colcon_core.shell:Creating package script '/home/zmao16/ros_ambf_ws/src/transsphenoidal_simulator/install/volumetric_drilling_msgs/share/volumetric_drilling_msgs/package.bash'
[2.956s] INFO:colcon.colcon_core.shell:Creating package script '/home/zmao16/ros_ambf_ws/src/transsphenoidal_simulator/install/volumetric_drilling_msgs/share/volumetric_drilling_msgs/package.zsh'
[2.957s] Level 1:colcon.colcon_core.environment:create_file_with_runtime_dependencies(/home/zmao16/ros_ambf_ws/src/transsphenoidal_simulator/install/volumetric_drilling_msgs/share/colcon-core/packages/volumetric_drilling_msgs)
[2.968s] DEBUG:colcon.colcon_parallel_executor.executor.parallel:closing loop
[2.968s] DEBUG:colcon.colcon_parallel_executor.executor.parallel:loop closed
[2.968s] DEBUG:colcon.colcon_parallel_executor.executor.parallel:run_until_complete finished with '2'
[2.968s] DEBUG:colcon.colcon_core.event_reactor:joining thread
[2.972s] INFO:colcon.colcon_core.plugin_system:Skipping extension 'colcon_notification.desktop_notification.terminal_notifier': Not used on non-Darwin systems
[2.972s] INFO:colcon.colcon_core.plugin_system:Skipping extension 'colcon_notification.desktop_notification.win32': Not used on non-Windows systems
[2.972s] INFO:colcon.colcon_notification.desktop_notification:Sending desktop notification using 'notify2'
[2.990s] DEBUG:colcon.colcon_core.event_reactor:joined thread
[2.991s] INFO:colcon.colcon_core.shell:Creating prefix script '/home/zmao16/ros_ambf_ws/src/transsphenoidal_simulator/install/local_setup.ps1'
[2.992s] INFO:colcon.colcon_core.shell:Creating prefix util module '/home/zmao16/ros_ambf_ws/src/transsphenoidal_simulator/install/_local_setup_util_ps1.py'
[2.994s] INFO:colcon.colcon_core.shell:Creating prefix chain script '/home/zmao16/ros_ambf_ws/src/transsphenoidal_simulator/install/setup.ps1'
[2.996s] INFO:colcon.colcon_core.shell:Creating prefix script '/home/zmao16/ros_ambf_ws/src/transsphenoidal_simulator/install/local_setup.sh'
[2.996s] INFO:colcon.colcon_core.shell:Creating prefix util module '/home/zmao16/ros_ambf_ws/src/transsphenoidal_simulator/install/_local_setup_util_sh.py'
[2.997s] INFO:colcon.colcon_core.shell:Creating prefix chain script '/home/zmao16/ros_ambf_ws/src/transsphenoidal_simulator/install/setup.sh'
[2.999s] INFO:colcon.colcon_core.shell:Creating prefix script '/home/zmao16/ros_ambf_ws/src/transsphenoidal_simulator/install/local_setup.bash'
[2.999s] INFO:colcon.colcon_core.shell:Creating prefix chain script '/home/zmao16/ros_ambf_ws/src/transsphenoidal_simulator/install/setup.bash'
[3.001s] INFO:colcon.colcon_core.shell:Creating prefix script '/home/zmao16/ros_ambf_ws/src/transsphenoidal_simulator/install/local_setup.zsh'
[3.002s] INFO:colcon.colcon_core.shell:Creating prefix chain script '/home/zmao16/ros_ambf_ws/src/transsphenoidal_simulator/install/setup.zsh'
